Microchip MPLAB XC8 Compiler V1.38 ()

Linker command line:

--edf=C:\Program Files (x86)\Microchip\xc8\v1.38\dat\en_msgs.txt -cs \
  -h+dist/default/production\Pic18f2550.production.sym \
  --cmf=dist/default/production\Pic18f2550.production.cmf -z -Q18F2550 \
  -oC:\Users\LORDCO~1\AppData\Local\Temp\s39k.2 \
  -Mdist/default/production/Pic18f2550.production.map -E1 -ver=XC8 \
  -ASTACK=024Ch-07ffh -pstack=STACK -ACODE=0800h-07FFFh \
  -ACONST=0800h-07FFFh -ASMALLCONST=0800h-08FFhx120 \
  -AMEDIUMCONST=0800h-07FFFh -ACOMRAM=01h-05Fh -AABS1=00h-07FFh \
  -ABIGRAM=01h-07FFh -ARAM=060h-0FFh,0100h-01FFhx7 -ABANK0=060h-0FFh \
  -ABANK1=0100h-01FFh -ABANK2=0200h-02FFh -ABANK3=0300h-03FFh \
  -ABANK4=0400h-04FFh -ABANK5=0500h-05FFh -ABANK6=0600h-06FFh \
  -ABANK7=0700h-07FFh -ASFR=0F60h-0FFFh \
  -preset_vec=0800h,intcode=0808h,intcodelo,powerup,init,end_init \
  -pramtop=0800h -psmallconst=SMALLCONST -pmediumconst=MEDIUMCONST \
  -pconst=CONST -AFARRAM=00h-00h -ACONFIG=0300000h-030000Dh -pconfig=CONFIG \
  -AIDLOC=0200000h-0200007h -pidloc=IDLOC -AEEDATA=0F00000h-0F000FFh \
  -peeprom_data=EEDATA \
  -prdata=COMRAM,nvrram=COMRAM,nvbit=COMRAM,rbss=COMRAM,rbit=COMRAM \
  -pfarbss=FARRAM,fardata=FARRAM,nvFARRAM=FARRAM \
  -pintsave_regs=BIGRAM,bigbss=BIGRAM,bigdata=BIGRAM -pbss=RAM \
  -pidata=CODE,irdata=CODE,ibigdata=CODE,ifardata=CODE -prparam=COMRAM \
  C:\Users\LORDCO~1\AppData\Local\Temp\s39k.obj \
  dist/default/production\Pic18f2550.production.obj 

Object code version is 3.11

Machine type is 18F2550

Call graph: (short form)




                Name                               Link     Load   Length Selector   Space Scale
C:\Users\LORDCO~1\AppData\Local\Temp\s39k.obj
                end_init                            816      816        4      404       0
                reset_vec                           800      800        4      400       0
                idloc                            200000   200000        8   200000       0
                config                           300000   300000        E   300000       0
dist/default/production\Pic18f2550.production.obj
                intcode                             808      808        E      404       0
                temp                                 4D       4D        1        1       1
                smallconst                          81A      81A       80      40D       0
                text28                             2BF0     2BF0       16      44D       0
                text27                             29B2     29B2       52      44D       0
                text26                             2B9E     2B9E       20      44D       0
                text25                             26A2     26A2       AE      44D       0
                text24                             2958     2958       5A      44D       0
                text23                             2C18     2C18       10      44D       0
                intcode_body                       28E2     28E2       76      44D       0
                text21                             25F4     25F4       AE      44D       0
                text20                             1DC0     1DC0      268      44D       0
                text19                             223C     223C      104      44D       0
                text18                             2750     2750       90      44D       0
                text17                             2434     2434       F4      44D       0
                text16                             2B42     2B42       30      44D       0
                text15                             187A     187A      546      44D       0
                text14                             2BDA     2BDA       16      44D       0
                text13                             2340     2340       F4      44D       0
                text12                             2B72     2B72       2C      44D       0
                text11                             2C06     2C06       12      44D       0
                text10                             2A04     2A04       4C      44D       0
                text9                              2528     2528       CC      44D       0
                text8                              2B10     2B10       32      44D       0
                text7                              27E0     27E0       84      44D       0
                text6                              2AD8     2AD8       38      44D       0
                text5                              2BBE     2BBE       1C      44D       0
                text4                              2A94     2A94       44      44D       0
                text3                              2A50     2A50       44      44D       0
                text2                              10EC     10EC      78E      44D       0
                text1                              2028     2028      214      44D       0
                text0                               89A      89A      852      44D       0
                cstackCOMRAM                          1        1       3A        1       1
                cstackBANK0                          C2       C2       22       60       1
                cstackBANK2                         232      232       1A      200       1
                bssBANK2                            200      200       32      200       1
                bssBANK1                            100      100       F9      100       1
                dataBANK0                            E4       E4        9       60       1
                bssBANK0                             60       60       62       60       1
                dataCOMRAM                           3B       3B        C        1       1
                bssCOMRAM                            47       47        5        1       1
                bitbssCOMRAM                        260       4C        2        1       1     8
                cinit                              2864     2864       7E      44D       0
                idataBANK0                         2C34     2C34        9      44D       0
                idataCOMRAM                        2C28     2C28        C      44D       0

TOTAL           Name                               Link     Load   Length     Space
        CLASS   STACK          

        CLASS   CODE           
                end_init                            816      816        4         0
                intcode                             808      808        E         0
                reset_vec                           800      800        4         0
                text28                             2BF0     2BF0       16         0
                text27                             29B2     29B2       52         0
                text26                             2B9E     2B9E       20         0
                text25                             26A2     26A2       AE         0
                text24                             2958     2958       5A         0
                text23                             2C18     2C18       10         0
                intcode_body                       28E2     28E2       76         0
                text21                             25F4     25F4       AE         0
                text20                             1DC0     1DC0      268         0
                text19                             223C     223C      104         0
                text18                             2750     2750       90         0
                text17                             2434     2434       F4         0
                text16                             2B42     2B42       30         0
                text15                             187A     187A      546         0
                text14                             2BDA     2BDA       16         0
                text13                             2340     2340       F4         0
                text12                             2B72     2B72       2C         0
                text11                             2C06     2C06       12         0
                text10                             2A04     2A04       4C         0
                text9                              2528     2528       CC         0
                text8                              2B10     2B10       32         0
                text7                              27E0     27E0       84         0
                text6                              2AD8     2AD8       38         0
                text5                              2BBE     2BBE       1C         0
                text4                              2A94     2A94       44         0
                text3                              2A50     2A50       44         0
                text2                              10EC     10EC      78E         0
                text1                              2028     2028      214         0
                text0                               89A      89A      852         0
                cinit                              2864     2864       7E         0
                idataBANK0                         2C34     2C34        9         0
                idataCOMRAM                        2C28     2C28        C         0

        CLASS   CONST          

        CLASS   SMALLCONST     
                smallconst                          81A      81A       80         0

        CLASS   MEDIUMCONST    

        CLASS   COMRAM         
                temp                                 4D       4D        1         1
                cstackCOMRAM                          1        1       3A         1
                dataCOMRAM                           3B       3B        C         1
                bssCOMRAM                            47       47        5         1
                bitbssCOMRAM                        260       4C        2         1

        CLASS   ABS1           

        CLASS   BIGRAM         

        CLASS   RAM            

        CLASS   BANK0          
                cstackBANK0                          C2       C2       22         1
                dataBANK0                            E4       E4        9         1
                bssBANK0                             60       60       62         1

        CLASS   BANK1          
                bssBANK1                            100      100       F9         1

        CLASS   BANK2          
                cstackBANK2                         232      232       1A         1
                bssBANK2                            200      200       32         1

        CLASS   BANK3          

        CLASS   BANK4          

        CLASS   BANK5          

        CLASS   BANK6          

        CLASS   BANK7          

        CLASS   SFR            

        CLASS   FARRAM         

        CLASS   CONFIG         
                config                           300000   300000        E         0

        CLASS   IDLOC          
                idloc                            200000   200000        8         0

        CLASS   EEDATA         



SEGMENTS        Name                           Load    Length   Top    Selector   Space  Class

                cstackCOMRAM                   000001  00004D  00004E         1       1  COMRAM  
                bssBANK0                       000060  00008D  0000ED        60       1  BANK0   
                bssBANK1                       000100  0000F9  0001F9       100       1  BANK1   
                bssBANK2                       000200  00004C  00024C       200       1  BANK2   
                reset_vec                      000800  000004  000804       400       0  CODE    
                intcode                        000808  000012  00081A       404       0  CODE    
                smallconst                     00081A  000080  00089A       40D       0  SMALLCON
                text0                          00089A  0023A3  002C3D       44D       0  CODE    
                idloc                          200000  000008  200008    200000       0  IDLOC   
                config                         300000  00000E  30000E    300000       0  CONFIG  


UNUSED ADDRESS RANGES

        Name                Unused          Largest block    Delta
        BANK0            0000ED-0000FF               13
        BANK1            0001F9-0001FF                7
        BANK2            00024C-0002FF               B4
        BANK3            000300-0003FF              100
        BANK4            000400-0004FF              100
        BANK5            000500-0005FF              100
        BANK6            000600-0006FF              100
        BANK7            000700-0007FF              100
        BIGRAM           00004E-00005F               12
                         0000ED-0000FF               13
                         0001F9-0001FF                7
                         00024C-0007FF              5B4
        CODE             000804-000807                4
                         002C3D-007FFF             53C3
        COMRAM           00004E-00005F               12
        CONST            000804-000807                4
                         002C3D-007FFF             53C3
        EEDATA           F00000-F000FF              100
        FARRAM           000000-000000                1
        MEDIUMCONST      000804-000807                4
                         002C3D-007FFF             53C3
        RAM              0000ED-0000FF               13
                         0001F9-0001FF                7
                         00024C-0007FF              100
        SFR              000F60-000FFF               A0
        SMALLCONST       000804-000807                4
                         002C3D-007FFF              100
        STACK            00024C-0007FF              5B4

                                  Symbol Table

?___awdiv                          cstackCOMRAM 000017
?___awtoft                         cstackCOMRAM 00001F
?___ftadd                          cstackBANK0  0000CB
?___ftdiv                          cstackCOMRAM 000032
?___ftmul                          cstackCOMRAM 000023
?___ftneg                          cstackBANK0  0000C8
?___ftpack                         cstackCOMRAM 000013
?___fttol                          cstackCOMRAM 000013
PID_outputControlCalc@reference    cstackBANK0  0000D7
PID_outputControlCalc@systemOutput cstackBANK0  0000DA
PID_outputControlCalc@whichPID     cstackBANK0  0000DD
SerialReadUntilToken@charToCompare cstackCOMRAM 000002
SerialReadUntilToken@i             cstackCOMRAM 000003
WifiTCPSend@F4101                  dataBANK0    0000E4
WriteI2C@data_out                  cstackCOMRAM 000014
_A                                 bssBANK1     000194
_ADC                               bssBANK0     0000AE
_ADCON0                            (abs)        000FC2
_ADCON0bits                        (abs)        000FC2
_ADCON1                            (abs)        000FC1
_ADCON2                            (abs)        000FC0
_ADC_Channel                       bssCOMRAM    000047
_ADC_NChannel                      dataCOMRAM   000040
_ADDEN                             (abs)        007D5B
_ADRESH                            (abs)        000FC4
_ADRESL                            (abs)        000FC3
_BRGH                              (abs)        007D62
_CREN                              (abs)        007D5C
_CSRC                              (abs)        007D67
_FERR                              (abs)        007D5A
_INTCON                            (abs)        000FF2
_INTCONbits                        (abs)        000FF2
_INTERRUPTION                      intcode      000808
_INTERRUPTION_Serial               text25       0026A2
_INTERRUPTION_Timer0               text23       002C18
_IdleI2C                           text11       002C06
_LATB                              (abs)        000F8A
_OERR                              (abs)        007D59
_PID_interruptCounter              bssBANK0     0000A8
_PID_outputControlCalc             text15       00187A
_PID_outputControlCalc$1984        cstackBANK0  0000E0
_PIE1bits                          (abs)        000F9D
_PIR1bits                          (abs)        000F9E
_PORTB                             (abs)        000F81
_PWM_Counter                       bssCOMRAM    000049
_PWM_Execute                       text24       002958
_PWM_Init                          text14       002BDA
_RCIE                              (abs)        007CED
_RCIF                              (abs)        007CF5
_RCREG                             (abs)        000FAE
_RX9                               (abs)        007D5E
_RX9D                              (abs)        007D58
_ReadI2C                           text5        002BBE
_SENDB                             (abs)        007D63
_SPBRG                             (abs)        000FAF
_SPBRGH                            (abs)        000FB0
_SPEN                              (abs)        007D5F
_SREN                              (abs)        007D5D
_SSPADD                            (abs)        000FC8
_SSPBUF                            (abs)        000FC9
_SSPCON1                           (abs)        000FC6
_SSPCON1bits                       (abs)        000FC6
_SSPCON2                           (abs)        000FC5
_SSPCON2bits                       (abs)        000FC5
_SSPSTAT                           (abs)        000FC7
_SSPSTATbits                       (abs)        000FC7
_SYNC                              (abs)        007D64
_SerialLen                         dataCOMRAM   000042
_SerialRead                        text28       002BF0
_SerialReadUntilToken              text27       0029B2
_SerialReceivedData                bssCOMRAM    00004A
_SerialReceivedString              bssBANK1     0001C7
_SerialSendString                  bssBANK2     000200
_T0CON                             (abs)        000FD5
_TMR0L                             (abs)        000FD6
_TRISA                             (abs)        000F92
_TRISB                             (abs)        000F93
_TRISCbits                         (abs)        000F94
_TRMT                              (abs)        007D61
_TX9                               (abs)        007D66
_TX9D                              (abs)        007D60
_TXEN                              (abs)        007D65
_TXIE                              (abs)        007CEC
_TXIF                              (abs)        007CF4
_TXREG                             (abs)        000FAD
_WifiTCPData                       bssBANK1     0001B8
_WifiTCPDataLen                    dataCOMRAM   000044
_WriteI2C                          text10       002A04
__CFG_CPUDIV$OSC1_PLL2             (abs)        000000
__CFG_FOSC$HSPLL_HS                (abs)        000000
__CFG_LVP$OFF                      (abs)        000000
__CFG_MCLRE$ON                     (abs)        000000
__CFG_PBADEN$OFF                   (abs)        000000
__CFG_PLLDIV$5                     (abs)        000000
__CFG_PWRT$ON                      (abs)        000000
__CFG_USBDIV$2                     (abs)        000000
__CFG_WDT$OFF                      (abs)        000000
__HRAM                             (abs)        000000
__Habs1                            abs1         000000
__Hbank0                           bank0        000000
__Hbank1                           bank1        000000
__Hbank2                           bank2        000000
__Hbank3                           bank3        000000
__Hbank4                           bank4        000000
__Hbank5                           bank5        000000
__Hbank6                           bank6        000000
__Hbank7                           bank7        000000
__Hbigbss                          bigbss       000000
__Hbigdata                         bigdata      000000
__Hbigram                          bigram       000000
__HbitbssCOMRAM                    bitbssCOMRAM 000000
__Hbss                             bss          000000
__HbssBANK0                        bssBANK0     000000
__HbssBANK1                        bssBANK1     000000
__HbssBANK2                        bssBANK2     000000
__HbssCOMRAM                       bssCOMRAM    000000
__Hcinit                           cinit        000000
__Hclrtext                         clrtext      000000
__Hcomram                          comram       000000
__Hconfig                          config       30000E
__Hconst                           const        000000
__HcstackBANK0                     cstackBANK0  000000
__HcstackBANK2                     cstackBANK2  000000
__HcstackCOMRAM                    cstackCOMRAM 000000
__Hdata                            data         000000
__HdataBANK0                       dataBANK0    000000
__HdataCOMRAM                      dataCOMRAM   000000
__Heeprom_data                     eeprom_data  000000
__Hend_init                        end_init     00081A
__Hfarbss                          farbss       000000
__Hfardata                         fardata      000000
__Hibigdata                        ibigdata     000000
__Hidata                           idata        000000
__HidataBANK0                      idataBANK0   000000
__HidataCOMRAM                     idataCOMRAM  000000
__Hidloc                           idloc        200008
__Hifardata                        ifardata     000000
__Hinit                            init         000816
__Hintcode                         intcode      000816
__Hintcode_body                    intcode_body 000000
__Hintcodelo                       intcodelo    000816
__Hintentry                        intentry     000000
__Hintret                          intret       000000
__Hintsave_regs                    intsave_regs 000000
__Hirdata                          irdata       000000
__Hmediumconst                     mediumconst  000000
__HnvFARRAM                        nvFARRAM     000000
__Hnvbit                           nvbit        000000
__Hnvrram                          nvrram       000000
__Hparam                           rparam       000000
__Hpowerup                         powerup      000816
__Hram                             ram          000000
__Hramtop                          ramtop       000800
__Hrbit                            rbit         000000
__Hrbss                            rbss         000000
__Hrdata                           rdata        000000
__Hreset_vec                       reset_vec    000804
__Hrparam                          rparam       000000
__Hsfr                             sfr          000000
__Hsmallconst                      smallconst   00089A
__Hspace_0                         (abs)        30000E
__Hspace_1                         (abs)        000262
__Hspace_2                         (abs)        000000
__Hstack                           stack        000000
__Hstruct                          struct       000000
__Htemp                            temp         00004E
__Htext                            text         000000
__Htext0                           text0        000000
__Htext1                           text1        000000
__Htext10                          text10       000000
__Htext11                          text11       000000
__Htext12                          text12       000000
__Htext13                          text13       000000
__Htext14                          text14       000000
__Htext15                          text15       000000
__Htext16                          text16       000000
__Htext17                          text17       000000
__Htext18                          text18       000000
__Htext19                          text19       000000
__Htext2                           text2        000000
__Htext20                          text20       000000
__Htext21                          text21       000000
__Htext23                          text23       000000
__Htext24                          text24       000000
__Htext25                          text25       000000
__Htext26                          text26       000000
__Htext27                          text27       000000
__Htext28                          text28       000000
__Htext3                           text3        000000
__Htext4                           text4        000000
__Htext5                           text5        000000
__Htext6                           text6        000000
__Htext7                           text7        000000
__Htext8                           text8        000000
__Htext9                           text9        000000
__LRAM                             (abs)        000001
__Labs1                            abs1         000000
__Lbank0                           bank0        000000
__Lbank1                           bank1        000000
__Lbank2                           bank2        000000
__Lbank3                           bank3        000000
__Lbank4                           bank4        000000
__Lbank5                           bank5        000000
__Lbank6                           bank6        000000
__Lbank7                           bank7        000000
__Lbigbss                          bigbss       000000
__Lbigdata                         bigdata      000000
__Lbigram                          bigram       000000
__LbitbssCOMRAM                    bitbssCOMRAM 000000
__Lbss                             bss          000000
__LbssBANK0                        bssBANK0     000000
__LbssBANK1                        bssBANK1     000000
__LbssBANK2                        bssBANK2     000000
__LbssCOMRAM                       bssCOMRAM    000000
__Lcinit                           cinit        000000
__Lclrtext                         clrtext      000000
__Lcomram                          comram       000000
__Lconfig                          config       300000
__Lconst                           const        000000
__LcstackBANK0                     cstackBANK0  000000
__LcstackBANK2                     cstackBANK2  000000
__LcstackCOMRAM                    cstackCOMRAM 000000
__Ldata                            data         000000
__LdataBANK0                       dataBANK0    000000
__LdataCOMRAM                      dataCOMRAM   000000
__Leeprom_data                     eeprom_data  000000
__Lend_init                        end_init     000816
__Lfarbss                          farbss       000000
__Lfardata                         fardata      000000
__Libigdata                        ibigdata     000000
__Lidata                           idata        000000
__LidataBANK0                      idataBANK0   000000
__LidataCOMRAM                     idataCOMRAM  000000
__Lidloc                           idloc        200000
__Lifardata                        ifardata     000000
__Linit                            init         000816
__Lintcode                         intcode      000808
__Lintcode_body                    intcode_body 000000
__Lintcodelo                       intcodelo    000816
__Lintentry                        intentry     000000
__Lintret                          intret       000000
__Lintsave_regs                    intsave_regs 000000
__Lirdata                          irdata       000000
__Lmediumconst                     mediumconst  000000
__LnvFARRAM                        nvFARRAM     000000
__Lnvbit                           nvbit        000000
__Lnvrram                          nvrram       000000
__Lparam                           rparam       000000
__Lpowerup                         powerup      000816
__Lram                             ram          000000
__Lramtop                          ramtop       000800
__Lrbit                            rbit         000000
__Lrbss                            rbss         000000
__Lrdata                           rdata        000000
__Lreset_vec                       reset_vec    000800
__Lrparam                          rparam       000000
__Lsfr                             sfr          000000
__Lsmallconst                      smallconst   00081A
__Lspace_0                         (abs)        000000
__Lspace_1                         (abs)        000000
__Lspace_2                         (abs)        000000
__Lstack                           stack        000000
__Lstruct                          struct       000000
__Ltemp                            temp         00004D
__Ltext                            text         000000
__Ltext0                           text0        000000
__Ltext1                           text1        000000
__Ltext10                          text10       000000
__Ltext11                          text11       000000
__Ltext12                          text12       000000
__Ltext13                          text13       000000
__Ltext14                          text14       000000
__Ltext15                          text15       000000
__Ltext16                          text16       000000
__Ltext17                          text17       000000
__Ltext18                          text18       000000
__Ltext19                          text19       000000
__Ltext2                           text2        000000
__Ltext20                          text20       000000
__Ltext21                          text21       000000
__Ltext23                          text23       000000
__Ltext24                          text24       000000
__Ltext25                          text25       000000
__Ltext26                          text26       000000
__Ltext27                          text27       000000
__Ltext28                          text28       000000
__Ltext3                           text3        000000
__Ltext4                           text4        000000
__Ltext5                           text5        000000
__Ltext6                           text6        000000
__Ltext7                           text7        000000
__Ltext8                           text8        000000
__Ltext9                           text9        000000
__S0                               (abs)        30000E
__S1                               (abs)        00024C
__S2                               (abs)        000000
___awdiv                           text7        0027E0
___awdiv@counter                   cstackCOMRAM 00001B
___awdiv@dividend                  cstackCOMRAM 000017
___awdiv@divisor                   cstackCOMRAM 000019
___awdiv@quotient                  cstackCOMRAM 00001D
___awdiv@sign                      cstackCOMRAM 00001C
___awtoft                          text6        002AD8
___awtoft@c                        cstackCOMRAM 00001F
___awtoft@sign                     cstackCOMRAM 000022
___ftadd                           text20       001DC0
___ftadd@exp1                      cstackBANK0  0000D6
___ftadd@exp2                      cstackBANK0  0000D5
___ftadd@f1                        cstackBANK0  0000CB
___ftadd@f2                        cstackBANK0  0000CE
___ftadd@sign                      cstackBANK0  0000D4
___ftdiv                           text19       00223C
___ftdiv@cntr                      cstackBANK0  0000C2
___ftdiv@exp                       cstackBANK0  0000C6
___ftdiv@f1                        cstackCOMRAM 000032
___ftdiv@f2                        cstackCOMRAM 000035
___ftdiv@f3                        cstackBANK0  0000C3
___ftdiv@sign                      cstackBANK0  0000C7
___ftge                            text18       002750
___ftge@ff1                        cstackCOMRAM 000013
___ftge@ff2                        cstackCOMRAM 000016
___ftmul                           text17       002434
___ftmul@cntr                      cstackCOMRAM 000030
___ftmul@exp                       cstackCOMRAM 00002C
___ftmul@f1                        cstackCOMRAM 000023
___ftmul@f2                        cstackCOMRAM 000026
___ftmul@f3_as_product             cstackCOMRAM 00002D
___ftmul@sign                      cstackCOMRAM 000031
___ftneg                           text16       002B42
___ftneg@f1                        cstackBANK0  0000C8
___ftpack                          text21       0025F4
___ftpack@arg                      cstackCOMRAM 000013
___ftpack@exp                      cstackCOMRAM 000016
___ftpack@sign                     cstackCOMRAM 000017
___fttol                           text13       002340
___fttol@exp1                      cstackCOMRAM 000021
___fttol@f1                        cstackCOMRAM 000013
___fttol@lval                      cstackCOMRAM 00001D
___fttol@sign1                     cstackCOMRAM 00001C
___inthi_sp                        stack        000000
___intlo_sp                        stack        000000
___param_bank                      (abs)        000010
___rparam_used                     (abs)        000001
___sp                              stack        000000
__accesstop                        (abs)        000060
__activetblptr                     (abs)        000002
__end_of_INTERRUPTION              intcode_body 002958
__end_of_INTERRUPTION_Serial       text25       002750
__end_of_INTERRUPTION_Timer0       text23       002C28
__end_of_IdleI2C                   text11       002C18
__end_of_PID_outputControlCalc     text15       001DC0
__end_of_PWM_Execute               text24       0029B2
__end_of_PWM_Init                  text14       002BF0
__end_of_ReadI2C                   text5        002BDA
__end_of_SerialRead                text28       002C06
__end_of_SerialReadUntilToken      text27       002A04
__end_of_WriteI2C                  text10       002A50
__end_of___awdiv                   text7        002864
__end_of___awtoft                  text6        002B10
__end_of___ftadd                   text20       002028
__end_of___ftdiv                   text19       002340
__end_of___ftge                    text18       0027E0
__end_of___ftmul                   text17       002528
__end_of___ftneg                   text16       002B72
__end_of___ftpack                  text21       0026A2
__end_of___fttol                   text13       002434
__end_of__initialization           cinit        0028D4
__end_of_delayMS                   text12       002B9E
__end_of_initI2C                   text9        0025F4
__end_of_initUART                  text8        002B42
__end_of_main                      text0        0010EC
__end_of_readACC                   text4        002AD8
__end_of_readAccelGiroValues       text2        00187A
__end_of_readGIRO                  text3        002A94
__end_of_sensorInit                text1        00223C
__end_of_waitToken                 text26       002BBE
__initialization                   cinit        002864
__mediumconst                      mediumconst  000000
__pbitbssCOMRAM                    bitbssCOMRAM 000260
__pbssBANK0                        bssBANK0     000060
__pbssBANK1                        bssBANK1     000100
__pbssBANK2                        bssBANK2     000200
__pbssCOMRAM                       bssCOMRAM    000047
__pcinit                           cinit        002864
__pcstackBANK0                     cstackBANK0  0000C2
__pcstackBANK2                     cstackBANK2  000232
__pcstackCOMRAM                    cstackCOMRAM 000001
__pdataBANK0                       dataBANK0    0000E4
__pdataCOMRAM                      dataCOMRAM   00003B
__pidataBANK0                      idataBANK0   002C34
__pidataCOMRAM                     idataCOMRAM  002C28
__pintcode                         intcode      000808
__pintcode_body                    intcode_body 0028E2
__psmallconst                      smallconst   00081A
__ptext0                           text0        00089A
__ptext1                           text1        002028
__ptext10                          text10       002A04
__ptext11                          text11       002C06
__ptext12                          text12       002B72
__ptext13                          text13       002340
__ptext14                          text14       002BDA
__ptext15                          text15       00187A
__ptext16                          text16       002B42
__ptext17                          text17       002434
__ptext18                          text18       002750
__ptext19                          text19       00223C
__ptext2                           text2        0010EC
__ptext20                          text20       001DC0
__ptext21                          text21       0025F4
__ptext23                          text23       002C18
__ptext24                          text24       002958
__ptext25                          text25       0026A2
__ptext26                          text26       002B9E
__ptext27                          text27       0029B2
__ptext28                          text28       002BF0
__ptext3                           text3        002A50
__ptext4                           text4        002A94
__ptext5                           text5        002BBE
__ptext6                           text6        002AD8
__ptext7                           text7        0027E0
__ptext8                           text8        002B10
__ptext9                           text9        002528
__pwm                              dataCOMRAM   00003B
__ramtop                           ramtop       000800
__size_of_INTERRUPTION             (abs)        000000
__size_of_INTERRUPTION_Serial      (abs)        000000
__size_of_INTERRUPTION_Timer0      (abs)        000000
__size_of_IdleI2C                  (abs)        000000
__size_of_PID_outputControlCalc    (abs)        000000
__size_of_PWM_Execute              (abs)        000000
__size_of_PWM_Init                 (abs)        000000
__size_of_ReadI2C                  (abs)        000000
__size_of_SerialRead               (abs)        000000
__size_of_SerialReadUntilToken     (abs)        000000
__size_of_WriteI2C                 (abs)        000000
__size_of___awdiv                  (abs)        000000
__size_of___awtoft                 (abs)        000000
__size_of___ftadd                  (abs)        000000
__size_of___ftdiv                  (abs)        000000
__size_of___ftge                   (abs)        000000
__size_of___ftmul                  (abs)        000000
__size_of___ftneg                  (abs)        000000
__size_of___ftpack                 (abs)        000000
__size_of___fttol                  (abs)        000000
__size_of_delayMS                  (abs)        000000
__size_of_initI2C                  (abs)        000000
__size_of_initUART                 (abs)        000000
__size_of_main                     (abs)        000000
__size_of_readACC                  (abs)        000000
__size_of_readAccelGiroValues      (abs)        000000
__size_of_readGIRO                 (abs)        000000
__size_of_sensorInit               (abs)        000000
__size_of_waitToken                (abs)        000000
__smallconst                       smallconst   00081A
_accel                             bssBANK0     000060
_accelBias                         bssBANK0     000069
_accelTemp                         bssBANK0     000072
_contador                          bssBANK0     0000AC
_delayMS                           text12       002B72
_filtro                            dataBANK0    0000E7
_flagData                          bitbssCOMRAM 000260
_flagLink                          bitbssCOMRAM 000261
_freq                              dataCOMRAM   000046
_giro                              bssBANK0     00007B
_giroBias                          bssBANK0     000084
_giroTemp                          bssBANK0     00008D
_h                                 dataBANK0    0000EA
_initI2C                           text9        002528
_initUART                          text8        002B10
_main                              text0        00089A
_main$1983                         cstackBANK2  000245
_pid                               bssBANK1     000100
_pos                               bssBANK0     000096
_readACC                           text4        002A94
_readAccelGiroValues               text2        0010EC
_readAccelGiroValues$1982          cstackBANK0  0000DA
_readGIRO                          text3        002A50
_sensorInit                        text1        002028
_step                              bssCOMRAM    00004B
_vel                               bssBANK0     00009F
_waitToken                         text26       002B9E
btemp                              temp         00004D
delayMS@j                          cstackCOMRAM 000016
delayMS@waitTime                   cstackCOMRAM 000013
end_of_initialization              cinit        0028D4
initI2C@Adress1                    cstackCOMRAM 000016
initI2C@Adress2                    cstackCOMRAM 000015
int$flags                          temp         00004D
int_func                           intcode_body 0028E2
intlevel0                          text         000000
intlevel1                          text         000000
intlevel2                          text         000000
intlevel3                          text         000000
main@i                             cstackBANK2  000248
main@j                             cstackBANK2  000232
main@l                             cstackBANK2  000239
main@lambda                        cstackBANK2  00023C
main@pwmTemp                       cstackBANK2  000249
main@u1                            cstackBANK2  00023F
main@u2                            cstackBANK2  000233
main@u3                            cstackBANK2  000236
main@u4                            cstackBANK2  000242
readACC@Adress                     cstackCOMRAM 000015
readACC@c                          cstackCOMRAM 000016
readGIRO@Adress                    cstackCOMRAM 000015
readGIRO@c                         cstackCOMRAM 000016
sensorInit@i                       cstackBANK0  0000DD
stackhi                            (abs)        0007FF
stacklo                            (abs)        00024C
start                              init         000816
start_initialization               cinit        002864
waitToken@value                    cstackCOMRAM 000001


FUNCTION INFORMATION:

 *************** function _main *****************
 Defined at:
		line 25 in file "main.c"
 Parameters:    Size  Location     Type
		None
 Auto vars:     Size  Location     Type
  pwmTemp         3   23[BANK2 ] float 
  u4              3   16[BANK2 ] float 
  u1              3   13[BANK2 ] float 
  u3              3    4[BANK2 ] float 
  u2              3    1[BANK2 ] float 
  i               1   22[BANK2 ] unsigned char 
  lambda          3   10[BANK2 ] float 
  l               3    7[BANK2 ] float 
  j               1    0[BANK2 ] unsigned char 
 Return value:  Size  Location     Type
                  1    wreg      void 
 Registers used:
		wreg, fsr1l, fsr1h, fsr2l, fsr2h, status,2, status,0, prodl, prodh, cstack
 Tracked objects:
		On entry : 
		On exit  : 
		Unchanged: 
 Data sizes:     COMRAM   BANK0   BANK1   BANK2   BANK3   BANK4   BANK5   BANK6   BANK7
      Params:         0       0       0       0       0       0       0       0       0
      Locals:         0       0       0      26       0       0       0       0       0
      Temps:          0       1       0       0       0       0       0       0       0
      Totals:         0       1       0      26       0       0       0       0       0
Total ram usage:       27 bytes
 Hardware stack levels required when called:    9
 This function calls:
		_PID_outputControlCalc
		_PWM_Init
		___ftadd
		___ftdiv
		___ftmul
		___ftneg
		___fttol
		_delayMS
		_initI2C
		_initUART
		_readAccelGiroValues
		_sensorInit
 This function is called by:
		Startup code after reset
 This function uses a non-reentrant model


 *************** function _sensorInit *****************
 Defined at:
		line 85 in file "ADXL345.c"
 Parameters:    Size  Location     Type
		None
 Auto vars:     Size  Location     Type
  i               1   27[BANK0 ] unsigned char 
 Return value:  Size  Location     Type
                  1    wreg      void 
 Registers used:
		wreg, status,2, status,0, cstack
 Tracked objects:
		On entry : 
		On exit  : 
		Unchanged: 
 Data sizes:     COMRAM   BANK0   BANK1   BANK2   BANK3   BANK4   BANK5   BANK6   BANK7
      Params:         0       0       0       0       0       0       0       0       0
      Locals:         0       1       0       0       0       0       0       0       0
      Temps:          0       0       0       0       0       0       0       0       0
      Totals:         0       1       0       0       0       0       0       0       0
Total ram usage:        1 bytes
 Hardware stack levels used:    1
 Hardware stack levels required when called:    8
 This function calls:
		_readAccelGiroValues
 This function is called by:
		_main
 This function uses a non-reentrant model


 *************** function _readAccelGiroValues *****************
 Defined at:
		line 108 in file "ADXL345.c"
 Parameters:    Size  Location     Type
		None
 Auto vars:     Size  Location     Type
		None
 Return value:  Size  Location     Type
                  1    wreg      void 
 Registers used:
		wreg, status,2, status,0, cstack
 Tracked objects:
		On entry : 
		On exit  : 
		Unchanged: 
 Data sizes:     COMRAM   BANK0   BANK1   BANK2   BANK3   BANK4   BANK5   BANK6   BANK7
      Params:         0       0       0       0       0       0       0       0       0
      Locals:         0       3       0       0       0       0       0       0       0
      Temps:          0       3       0       0       0       0       0       0       0
      Totals:         0       6       0       0       0       0       0       0       0
Total ram usage:        6 bytes
 Hardware stack levels used:    1
 Hardware stack levels required when called:    7
 This function calls:
		___awdiv
		___awtoft
		___ftadd
		___ftmul
		___ftneg
		_readACC
		_readGIRO
 This function is called by:
		_sensorInit
		_main
 This function uses a non-reentrant model


 *************** function _readGIRO *****************
 Defined at:
		line 69 in file "ADXL345.c"
 Parameters:    Size  Location     Type
  Adress          1    wreg     unsigned char 
 Auto vars:     Size  Location     Type
  Adress          1   20[COMRAM] unsigned char 
  c               1   21[COMRAM] unsigned char 
 Return value:  Size  Location     Type
                  1    wreg      unsigned char 
 Registers used:
		wreg, status,2, status,0, cstack
 Tracked objects:
		On entry : 
		On exit  : 
		Unchanged: 
 Data sizes:     COMRAM   BANK0   BANK1   BANK2   BANK3   BANK4   BANK5   BANK6   BANK7
      Params:         0       0       0       0       0       0       0       0       0
      Locals:         2       0       0       0       0       0       0       0       0
      Temps:          0       0       0       0       0       0       0       0       0
      Totals:         2       0       0       0       0       0       0       0       0
Total ram usage:        2 bytes
 Hardware stack levels used:    1
 Hardware stack levels required when called:    6
 This function calls:
		_IdleI2C
		_ReadI2C
		_WriteI2C
 This function is called by:
		_readAccelGiroValues
 This function uses a non-reentrant model


 *************** function _readACC *****************
 Defined at:
		line 53 in file "ADXL345.c"
 Parameters:    Size  Location     Type
  Adress          1    wreg     unsigned char 
 Auto vars:     Size  Location     Type
  Adress          1   20[COMRAM] unsigned char 
  c               1   21[COMRAM] unsigned char 
 Return value:  Size  Location     Type
                  1    wreg      unsigned char 
 Registers used:
		wreg, status,2, status,0, cstack
 Tracked objects:
		On entry : 
		On exit  : 
		Unchanged: 
 Data sizes:     COMRAM   BANK0   BANK1   BANK2   BANK3   BANK4   BANK5   BANK6   BANK7
      Params:         0       0       0       0       0       0       0       0       0
      Locals:         2       0       0       0       0       0       0       0       0
      Temps:          0       0       0       0       0       0       0       0       0
      Totals:         2       0       0       0       0       0       0       0       0
Total ram usage:        2 bytes
 Hardware stack levels used:    1
 Hardware stack levels required when called:    6
 This function calls:
		_IdleI2C
		_ReadI2C
		_WriteI2C
 This function is called by:
		_readAccelGiroValues
 This function uses a non-reentrant model


 *************** function _ReadI2C *****************
 Defined at:
		line 11 in file "C:\Program Files (x86)\Microchip\xc8\v1.38\sources\pic18\plib\i2c\i2c_read.c"
 Parameters:    Size  Location     Type
		None
 Auto vars:     Size  Location     Type
		None
 Return value:  Size  Location     Type
                  1    wreg      unsigned char 
 Registers used:
		wreg, status,2, status,0
 Tracked objects:
		On entry : 
		On exit  : 
		Unchanged: 
 Data sizes:     COMRAM   BANK0   BANK1   BANK2   BANK3   BANK4   BANK5   BANK6   BANK7
      Params:         0       0       0       0       0       0       0       0       0
      Locals:         0       0       0       0       0       0       0       0       0
      Temps:          0       0       0       0       0       0       0       0       0
      Totals:         0       0       0       0       0       0       0       0       0
Total ram usage:        0 bytes
 Hardware stack levels used:    1
 Hardware stack levels required when called:    4
 This function calls:
		Nothing
 This function is called by:
		_readACC
		_readGIRO
 This function uses a non-reentrant model


 *************** function ___awtoft *****************
 Defined at:
		line 32 in file "C:\Program Files (x86)\Microchip\xc8\v1.38\sources\common\awtoft.c"
 Parameters:    Size  Location     Type
  c               2   30[COMRAM] int 
 Auto vars:     Size  Location     Type
  sign            1   33[COMRAM] unsigned char 
 Return value:  Size  Location     Type
                  3   30[COMRAM] float 
 Registers used:
		wreg, status,2, status,0, cstack
 Tracked objects:
		On entry : 
		On exit  : 
		Unchanged: 
 Data sizes:     COMRAM   BANK0   BANK1   BANK2   BANK3   BANK4   BANK5   BANK6   BANK7
      Params:         3       0       0       0       0       0       0       0       0
      Locals:         1       0       0       0       0       0       0       0       0
      Temps:          0       0       0       0       0       0       0       0       0
      Totals:         4       0       0       0       0       0       0       0       0
Total ram usage:        4 bytes
 Hardware stack levels used:    1
 Hardware stack levels required when called:    5
 This function calls:
		___ftpack
 This function is called by:
		_readAccelGiroValues
 This function uses a non-reentrant model


 *************** function ___awdiv *****************
 Defined at:
		line 8 in file "C:\Program Files (x86)\Microchip\xc8\v1.38\sources\common\awdiv.c"
 Parameters:    Size  Location     Type
  dividend        2   22[COMRAM] int 
  divisor         2   24[COMRAM] int 
 Auto vars:     Size  Location     Type
  quotient        2   28[COMRAM] int 
  sign            1   27[COMRAM] unsigned char 
  counter         1   26[COMRAM] unsigned char 
 Return value:  Size  Location     Type
                  2   22[COMRAM] int 
 Registers used:
		wreg, status,2, status,0
 Tracked objects:
		On entry : 
		On exit  : 
		Unchanged: 
 Data sizes:     COMRAM   BANK0   BANK1   BANK2   BANK3   BANK4   BANK5   BANK6   BANK7
      Params:         4       0       0       0       0       0       0       0       0
      Locals:         4       0       0       0       0       0       0       0       0
      Temps:          0       0       0       0       0       0       0       0       0
      Totals:         8       0       0       0       0       0       0       0       0
Total ram usage:        8 bytes
 Hardware stack levels used:    1
 Hardware stack levels required when called:    4
 This function calls:
		Nothing
 This function is called by:
		_readAccelGiroValues
		_scaleChange
 This function uses a non-reentrant model


 *************** function _initUART *****************
 Defined at:
		line 18 in file "Serial.c"
 Parameters:    Size  Location     Type
		None
 Auto vars:     Size  Location     Type
		None
 Return value:  Size  Location     Type
                  1    wreg      void 
 Registers used:
		wreg, status,2
 Tracked objects:
		On entry : 
		On exit  : 
		Unchanged: 
 Data sizes:     COMRAM   BANK0   BANK1   BANK2   BANK3   BANK4   BANK5   BANK6   BANK7
      Params:         0       0       0       0       0       0       0       0       0
      Locals:         0       0       0       0       0       0       0       0       0
      Temps:          0       0       0       0       0       0       0       0       0
      Totals:         0       0       0       0       0       0       0       0       0
Total ram usage:        0 bytes
 Hardware stack levels used:    1
 Hardware stack levels required when called:    4
 This function calls:
		Nothing
 This function is called by:
		_main
 This function uses a non-reentrant model


 *************** function _initI2C *****************
 Defined at:
		line 3 in file "ADXL345.c"
 Parameters:    Size  Location     Type
  Adress1         1    wreg     unsigned char 
  Adress2         1   20[COMRAM] unsigned char 
 Auto vars:     Size  Location     Type
  Adress1         1   21[COMRAM] unsigned char 
 Return value:  Size  Location     Type
                  1    wreg      void 
 Registers used:
		wreg, status,2, status,0, cstack
 Tracked objects:
		On entry : 
		On exit  : 
		Unchanged: 
 Data sizes:     COMRAM   BANK0   BANK1   BANK2   BANK3   BANK4   BANK5   BANK6   BANK7
      Params:         1       0       0       0       0       0       0       0       0
      Locals:         1       0       0       0       0       0       0       0       0
      Temps:          0       0       0       0       0       0       0       0       0
      Totals:         2       0       0       0       0       0       0       0       0
Total ram usage:        2 bytes
 Hardware stack levels used:    1
 Hardware stack levels required when called:    6
 This function calls:
		_IdleI2C
		_WriteI2C
 This function is called by:
		_main
 This function uses a non-reentrant model


 *************** function _WriteI2C *****************
 Defined at:
		line 12 in file "C:\Program Files (x86)\Microchip\xc8\v1.38\sources\pic18\plib\i2c\i2c_writ.c"
 Parameters:    Size  Location     Type
  data_out        1    wreg     unsigned char 
 Auto vars:     Size  Location     Type
  data_out        1   19[COMRAM] unsigned char 
 Return value:  Size  Location     Type
                  1    wreg      char 
 Registers used:
		wreg, status,2, status,0, cstack
 Tracked objects:
		On entry : 
		On exit  : 
		Unchanged: 
 Data sizes:     COMRAM   BANK0   BANK1   BANK2   BANK3   BANK4   BANK5   BANK6   BANK7
      Params:         0       0       0       0       0       0       0       0       0
      Locals:         1       0       0       0       0       0       0       0       0
      Temps:          0       0       0       0       0       0       0       0       0
      Totals:         1       0       0       0       0       0       0       0       0
Total ram usage:        1 bytes
 Hardware stack levels used:    1
 Hardware stack levels required when called:    5
 This function calls:
		_IdleI2C
 This function is called by:
		_initI2C
		_readACC
		_readGIRO
 This function uses a non-reentrant model


 *************** function _IdleI2C *****************
 Defined at:
		line 24 in file "C:\Program Files (x86)\Microchip\xc8\v1.38\sources\pic18\plib\i2c\i2c_idle.c"
 Parameters:    Size  Location     Type
		None
 Auto vars:     Size  Location     Type
		None
 Return value:  Size  Location     Type
                  1    wreg      void 
 Registers used:
		wreg, status,2, status,0
 Tracked objects:
		On entry : 
		On exit  : 
		Unchanged: 
 Data sizes:     COMRAM   BANK0   BANK1   BANK2   BANK3   BANK4   BANK5   BANK6   BANK7
      Params:         0       0       0       0       0       0       0       0       0
      Locals:         0       0       0       0       0       0       0       0       0
      Temps:          1       0       0       0       0       0       0       0       0
      Totals:         1       0       0       0       0       0       0       0       0
Total ram usage:        1 bytes
 Hardware stack levels used:    1
 Hardware stack levels required when called:    4
 This function calls:
		Nothing
 This function is called by:
		_initI2C
		_readACC
		_readGIRO
		_WriteI2C
 This function uses a non-reentrant model


 *************** function _delayMS *****************
 Defined at:
		line 11 in file "Serial.c"
 Parameters:    Size  Location     Type
  waitTime        2   18[COMRAM] unsigned int 
 Auto vars:     Size  Location     Type
  j               2   21[COMRAM] unsigned int 
 Return value:  Size  Location     Type
                  1    wreg      void 
 Registers used:
		wreg, status,2, status,0
 Tracked objects:
		On entry : 
		On exit  : 
		Unchanged: 
 Data sizes:     COMRAM   BANK0   BANK1   BANK2   BANK3   BANK4   BANK5   BANK6   BANK7
      Params:         2       0       0       0       0       0       0       0       0
      Locals:         2       0       0       0       0       0       0       0       0
      Temps:          1       0       0       0       0       0       0       0       0
      Totals:         5       0       0       0       0       0       0       0       0
Total ram usage:        5 bytes
 Hardware stack levels used:    1
 Hardware stack levels required when called:    4
 This function calls:
		Nothing
 This function is called by:
		_main
 This function uses a non-reentrant model


 *************** function ___fttol *****************
 Defined at:
		line 44 in file "C:\Program Files (x86)\Microchip\xc8\v1.38\sources\common\fttol.c"
 Parameters:    Size  Location     Type
  f1              3   18[COMRAM] float 
 Auto vars:     Size  Location     Type
  lval            4   28[COMRAM] unsigned long 
  exp1            1   32[COMRAM] unsigned char 
  sign1           1   27[COMRAM] unsigned char 
 Return value:  Size  Location     Type
                  4   18[COMRAM] long 
 Registers used:
		wreg, status,2, status,0
 Tracked objects:
		On entry : 
		On exit  : 
		Unchanged: 
 Data sizes:     COMRAM   BANK0   BANK1   BANK2   BANK3   BANK4   BANK5   BANK6   BANK7
      Params:         4       0       0       0       0       0       0       0       0
      Locals:         6       0       0       0       0       0       0       0       0
      Temps:          5       0       0       0       0       0       0       0       0
      Totals:        15       0       0       0       0       0       0       0       0
Total ram usage:       15 bytes
 Hardware stack levels used:    1
 Hardware stack levels required when called:    4
 This function calls:
		Nothing
 This function is called by:
		_main
 This function uses a non-reentrant model


 *************** function _PWM_Init *****************
 Defined at:
		line 4 in file "PWM.c"
 Parameters:    Size  Location     Type
		None
 Auto vars:     Size  Location     Type
		None
 Return value:  Size  Location     Type
                  1    wreg      void 
 Registers used:
		wreg, status,2
 Tracked objects:
		On entry : 
		On exit  : 
		Unchanged: 
 Data sizes:     COMRAM   BANK0   BANK1   BANK2   BANK3   BANK4   BANK5   BANK6   BANK7
      Params:         0       0       0       0       0       0       0       0       0
      Locals:         0       0       0       0       0       0       0       0       0
      Temps:          0       0       0       0       0       0       0       0       0
      Totals:         0       0       0       0       0       0       0       0       0
Total ram usage:        0 bytes
 Hardware stack levels used:    1
 Hardware stack levels required when called:    4
 This function calls:
		Nothing
 This function is called by:
		_main
 This function uses a non-reentrant model


 *************** function _PID_outputControlCalc *****************
 Defined at:
		line 3 in file "PID.c"
 Parameters:    Size  Location     Type
  reference       3   21[BANK0 ] float 
  systemOutput    3   24[BANK0 ] float 
  whichPID        1   27[BANK0 ] unsigned char 
 Auto vars:     Size  Location     Type
		None
 Return value:  Size  Location     Type
                  1    wreg      void 
 Registers used:
		wreg, fsr1l, fsr1h, fsr2l, fsr2h, status,2, status,0, prodl, prodh, cstack
 Tracked objects:
		On entry : 
		On exit  : 
		Unchanged: 
 Data sizes:     COMRAM   BANK0   BANK1   BANK2   BANK3   BANK4   BANK5   BANK6   BANK7
      Params:         0       7       0       0       0       0       0       0       0
      Locals:         0       3       0       0       0       0       0       0       0
      Temps:          0       2       0       0       0       0       0       0       0
      Totals:         0      12       0       0       0       0       0       0       0
Total ram usage:       12 bytes
 Hardware stack levels used:    1
 Hardware stack levels required when called:    6
 This function calls:
		___ftadd
		___ftdiv
		___ftge
		___ftmul
		___ftneg
 This function is called by:
		_main
 This function uses a non-reentrant model


 *************** function ___ftneg *****************
 Defined at:
		line 15 in file "C:\Program Files (x86)\Microchip\xc8\v1.38\sources\common\ftneg.c"
 Parameters:    Size  Location     Type
  f1              3    6[BANK0 ] float 
 Auto vars:     Size  Location     Type
		None
 Return value:  Size  Location     Type
                  3    6[BANK0 ] float 
 Registers used:
		wreg, status,2, status,0
 Tracked objects:
		On entry : 
		On exit  : 
		Unchanged: 
 Data sizes:     COMRAM   BANK0   BANK1   BANK2   BANK3   BANK4   BANK5   BANK6   BANK7
      Params:         0       3       0       0       0       0       0       0       0
      Locals:         0       0       0       0       0       0       0       0       0
      Temps:          0       0       0       0       0       0       0       0       0
      Totals:         0       3       0       0       0       0       0       0       0
Total ram usage:        3 bytes
 Hardware stack levels used:    1
 Hardware stack levels required when called:    4
 This function calls:
		Nothing
 This function is called by:
		_readAccelGiroValues
		_main
		_PID_outputControlCalc
 This function uses a non-reentrant model


 *************** function ___ftmul *****************
 Defined at:
		line 62 in file "C:\Program Files (x86)\Microchip\xc8\v1.38\sources\common\ftmul.c"
 Parameters:    Size  Location     Type
  f1              3   34[COMRAM] float 
  f2              3   37[COMRAM] float 
 Auto vars:     Size  Location     Type
  f3_as_produc    3   44[COMRAM] unsigned um
  sign            1   48[COMRAM] unsigned char 
  cntr            1   47[COMRAM] unsigned char 
  exp             1   43[COMRAM] unsigned char 
 Return value:  Size  Location     Type
                  3   34[COMRAM] float 
 Registers used:
		wreg, status,2, status,0, cstack
 Tracked objects:
		On entry : 
		On exit  : 
		Unchanged: 
 Data sizes:     COMRAM   BANK0   BANK1   BANK2   BANK3   BANK4   BANK5   BANK6   BANK7
      Params:         6       0       0       0       0       0       0       0       0
      Locals:         6       0       0       0       0       0       0       0       0
      Temps:          3       0       0       0       0       0       0       0       0
      Totals:        15       0       0       0       0       0       0       0       0
Total ram usage:       15 bytes
 Hardware stack levels used:    1
 Hardware stack levels required when called:    5
 This function calls:
		___ftpack
 This function is called by:
		_readAccelGiroValues
		_main
		_PID_outputControlCalc
 This function uses a non-reentrant model


 *************** function ___ftge *****************
 Defined at:
		line 4 in file "C:\Program Files (x86)\Microchip\xc8\v1.38\sources\common\ftge.c"
 Parameters:    Size  Location     Type
  ff1             3   18[COMRAM] float 
  ff2             3   21[COMRAM] float 
 Auto vars:     Size  Location     Type
		None
 Return value:  Size  Location     Type
		None               void
 Registers used:
		wreg, status,2, status,0
 Tracked objects:
		On entry : 
		On exit  : 
		Unchanged: 
 Data sizes:     COMRAM   BANK0   BANK1   BANK2   BANK3   BANK4   BANK5   BANK6   BANK7
      Params:         6       0       0       0       0       0       0       0       0
      Locals:         0       0       0       0       0       0       0       0       0
      Temps:          3       0       0       0       0       0       0       0       0
      Totals:         9       0       0       0       0       0       0       0       0
Total ram usage:        9 bytes
 Hardware stack levels used:    1
 Hardware stack levels required when called:    4
 This function calls:
		Nothing
 This function is called by:
		_PID_outputControlCalc
 This function uses a non-reentrant model


 *************** function ___ftdiv *****************
 Defined at:
		line 54 in file "C:\Program Files (x86)\Microchip\xc8\v1.38\sources\common\ftdiv.c"
 Parameters:    Size  Location     Type
  f1              3   49[COMRAM] float 
  f2              3   52[COMRAM] float 
 Auto vars:     Size  Location     Type
  f3              3    1[BANK0 ] float 
  sign            1    5[BANK0 ] unsigned char 
  exp             1    4[BANK0 ] unsigned char 
  cntr            1    0[BANK0 ] unsigned char 
 Return value:  Size  Location     Type
                  3   49[COMRAM] float 
 Registers used:
		wreg, status,2, status,0, cstack
 Tracked objects:
		On entry : 
		On exit  : 
		Unchanged: 
 Data sizes:     COMRAM   BANK0   BANK1   BANK2   BANK3   BANK4   BANK5   BANK6   BANK7
      Params:         6       0       0       0       0       0       0       0       0
      Locals:         0       6       0       0       0       0       0       0       0
      Temps:          3       0       0       0       0       0       0       0       0
      Totals:         9       6       0       0       0       0       0       0       0
Total ram usage:       15 bytes
 Hardware stack levels used:    1
 Hardware stack levels required when called:    5
 This function calls:
		___ftpack
 This function is called by:
		_main
		_PID_outputControlCalc
 This function uses a non-reentrant model


 *************** function ___ftadd *****************
 Defined at:
		line 86 in file "C:\Program Files (x86)\Microchip\xc8\v1.38\sources\common\ftadd.c"
 Parameters:    Size  Location     Type
  f1              3    9[BANK0 ] float 
  f2              3   12[BANK0 ] float 
 Auto vars:     Size  Location     Type
  exp1            1   20[BANK0 ] unsigned char 
  exp2            1   19[BANK0 ] unsigned char 
  sign            1   18[BANK0 ] unsigned char 
 Return value:  Size  Location     Type
                  3    9[BANK0 ] float 
 Registers used:
		wreg, status,2, status,0, cstack
 Tracked objects:
		On entry : 
		On exit  : 
		Unchanged: 
 Data sizes:     COMRAM   BANK0   BANK1   BANK2   BANK3   BANK4   BANK5   BANK6   BANK7
      Params:         0       6       0       0       0       0       0       0       0
      Locals:         0       3       0       0       0       0       0       0       0
      Temps:          0       3       0       0       0       0       0       0       0
      Totals:         0      12       0       0       0       0       0       0       0
Total ram usage:       12 bytes
 Hardware stack levels used:    1
 Hardware stack levels required when called:    5
 This function calls:
		___ftpack
 This function is called by:
		_readAccelGiroValues
		_main
		_PID_outputControlCalc
 This function uses a non-reentrant model


 *************** function ___ftpack *****************
 Defined at:
		line 62 in file "C:\Program Files (x86)\Microchip\xc8\v1.38\sources\common\float.c"
 Parameters:    Size  Location     Type
  arg             3   18[COMRAM] unsigned um
  exp             1   21[COMRAM] unsigned char 
  sign            1   22[COMRAM] unsigned char 
 Auto vars:     Size  Location     Type
		None
 Return value:  Size  Location     Type
                  3   18[COMRAM] float 
 Registers used:
		wreg, status,2, status,0
 Tracked objects:
		On entry : 
		On exit  : 
		Unchanged: 
 Data sizes:     COMRAM   BANK0   BANK1   BANK2   BANK3   BANK4   BANK5   BANK6   BANK7
      Params:         5       0       0       0       0       0       0       0       0
      Locals:         0       0       0       0       0       0       0       0       0
      Temps:          3       0       0       0       0       0       0       0       0
      Totals:         8       0       0       0       0       0       0       0       0
Total ram usage:        8 bytes
 Hardware stack levels used:    1
 Hardware stack levels required when called:    4
 This function calls:
		Nothing
 This function is called by:
		___awtoft
		___ftadd
		___ftdiv
		___ftmul
 This function uses a non-reentrant model


 *************** function _INTERRUPTION *****************
 Defined at:
		line 4 in file "Interrup.c"
 Parameters:    Size  Location     Type
		None
 Auto vars:     Size  Location     Type
		None
 Return value:  Size  Location     Type
                  1    wreg      void 
 Registers used:
		wreg, fsr2l, fsr2h, status,2, status,0, cstack
 Tracked objects:
		On entry : 
		On exit  : 
		Unchanged: 
 Data sizes:     COMRAM   BANK0   BANK1   BANK2   BANK3   BANK4   BANK5   BANK6   BANK7
      Params:         0       0       0       0       0       0       0       0       0
      Locals:         0       0       0       0       0       0       0       0       0
      Temps:         14       0       0       0       0       0       0       0       0
      Totals:        14       0       0       0       0       0       0       0       0
Total ram usage:       14 bytes
 Hardware stack levels used:    1
 Hardware stack levels required when called:    3
 This function calls:
		_INTERRUPTION_Serial
		_INTERRUPTION_Timer0
 This function is called by:
		Interrupt level 2
 This function uses a non-reentrant model


 *************** function _INTERRUPTION_Timer0 *****************
 Defined at:
		line 20 in file "Interrup.c"
 Parameters:    Size  Location     Type
		None
 Auto vars:     Size  Location     Type
		None
 Return value:  Size  Location     Type
                  1    wreg      void 
 Registers used:
		wreg, status,2, status,0, cstack
 Tracked objects:
		On entry : 
		On exit  : 
		Unchanged: 
 Data sizes:     COMRAM   BANK0   BANK1   BANK2   BANK3   BANK4   BANK5   BANK6   BANK7
      Params:         0       0       0       0       0       0       0       0       0
      Locals:         0       0       0       0       0       0       0       0       0
      Temps:          0       0       0       0       0       0       0       0       0
      Totals:         0       0       0       0       0       0       0       0       0
Total ram usage:        0 bytes
 Hardware stack levels used:    1
 Hardware stack levels required when called:    1
 This function calls:
		_PWM_Execute
 This function is called by:
		_INTERRUPTION
 This function uses a non-reentrant model


 *************** function _PWM_Execute *****************
 Defined at:
		line 19 in file "PWM.c"
 Parameters:    Size  Location     Type
		None
 Auto vars:     Size  Location     Type
		None
 Return value:  Size  Location     Type
                  1    wreg      void 
 Registers used:
		wreg, status,2, status,0
 Tracked objects:
		On entry : 
		On exit  : 
		Unchanged: 
 Data sizes:     COMRAM   BANK0   BANK1   BANK2   BANK3   BANK4   BANK5   BANK6   BANK7
      Params:         0       0       0       0       0       0       0       0       0
      Locals:         0       0       0       0       0       0       0       0       0
      Temps:          0       0       0       0       0       0       0       0       0
      Totals:         0       0       0       0       0       0       0       0       0
Total ram usage:        0 bytes
 Hardware stack levels used:    1
 This function calls:
		Nothing
 This function is called by:
		_INTERRUPTION_Timer0
 This function uses a non-reentrant model


 *************** function _INTERRUPTION_Serial *****************
 Defined at:
		line 32 in file "Interrup.c"
 Parameters:    Size  Location     Type
		None
 Auto vars:     Size  Location     Type
		None
 Return value:  Size  Location     Type
                  1    wreg      void 
 Registers used:
		wreg, fsr2l, fsr2h, status,2, status,0, cstack
 Tracked objects:
		On entry : 
		On exit  : 
		Unchanged: 
 Data sizes:     COMRAM   BANK0   BANK1   BANK2   BANK3   BANK4   BANK5   BANK6   BANK7
      Params:         0       0       0       0       0       0       0       0       0
      Locals:         0       0       0       0       0       0       0       0       0
      Temps:          0       0       0       0       0       0       0       0       0
      Totals:         0       0       0       0       0       0       0       0       0
Total ram usage:        0 bytes
 Hardware stack levels used:    1
 Hardware stack levels required when called:    2
 This function calls:
		_SerialReadUntilToken
		_waitToken
 This function is called by:
		_INTERRUPTION
 This function uses a non-reentrant model


 *************** function _waitToken *****************
 Defined at:
		line 115 in file "Serial.c"
 Parameters:    Size  Location     Type
  value           1    wreg     unsigned char 
 Auto vars:     Size  Location     Type
  value           1    0[COMRAM] unsigned char 
 Return value:  Size  Location     Type
		None               void
 Registers used:
		wreg, status,2, status,0, cstack
 Tracked objects:
		On entry : 
		On exit  : 
		Unchanged: 
 Data sizes:     COMRAM   BANK0   BANK1   BANK2   BANK3   BANK4   BANK5   BANK6   BANK7
      Params:         0       0       0       0       0       0       0       0       0
      Locals:         1       0       0       0       0       0       0       0       0
      Temps:          0       0       0       0       0       0       0       0       0
      Totals:         1       0       0       0       0       0       0       0       0
Total ram usage:        1 bytes
 Hardware stack levels used:    1
 Hardware stack levels required when called:    1
 This function calls:
		_SerialRead
 This function is called by:
		_INTERRUPTION_Serial
		_WifiTCPRead
 This function uses a non-reentrant model


 *************** function _SerialReadUntilToken *****************
 Defined at:
		line 136 in file "Serial.c"
 Parameters:    Size  Location     Type
  charToCompar    1    wreg     const unsigned char 
 Auto vars:     Size  Location     Type
  charToCompar    1    1[COMRAM] const unsigned char 
  i               2    2[COMRAM] unsigned int 
 Return value:  Size  Location     Type
                  1    wreg      void 
 Registers used:
		wreg, fsr2l, fsr2h, status,2, status,0, cstack
 Tracked objects:
		On entry : 
		On exit  : 
		Unchanged: 
 Data sizes:     COMRAM   BANK0   BANK1   BANK2   BANK3   BANK4   BANK5   BANK6   BANK7
      Params:         0       0       0       0       0       0       0       0       0
      Locals:         3       0       0       0       0       0       0       0       0
      Temps:          1       0       0       0       0       0       0       0       0
      Totals:         4       0       0       0       0       0       0       0       0
Total ram usage:        4 bytes
 Hardware stack levels used:    1
 Hardware stack levels required when called:    1
 This function calls:
		_SerialRead
 This function is called by:
		_INTERRUPTION_Serial
		_WifiTCPRead
 This function uses a non-reentrant model


 *************** function _SerialRead *****************
 Defined at:
		line 75 in file "Serial.c"
 Parameters:    Size  Location     Type
		None
 Auto vars:     Size  Location     Type
		None
 Return value:  Size  Location     Type
                  1    wreg      unsigned char 
 Registers used:
		wreg, status,2
 Tracked objects:
		On entry : 
		On exit  : 
		Unchanged: 
 Data sizes:     COMRAM   BANK0   BANK1   BANK2   BANK3   BANK4   BANK5   BANK6   BANK7
      Params:         0       0       0       0       0       0       0       0       0
      Locals:         0       0       0       0       0       0       0       0       0
      Temps:          0       0       0       0       0       0       0       0       0
      Totals:         0       0       0       0       0       0       0       0       0
Total ram usage:        0 bytes
 Hardware stack levels used:    1
 This function calls:
		Nothing
 This function is called by:
		_waitToken
		_SerialReadUntilToken
		_SerialReadString
		_SerialReceiveNChar
 This function uses a non-reentrant model



MODULE INFORMATION

Module		Function		Class		Link	Load	Size
C:\Program Files (x86)\Microchip\xc8\v1.38\sources\common\float.c
		___ftpack      		CODE           	25F4	0000	175

C:\Program Files (x86)\Microchip\xc8\v1.38\sources\common\float.c estimated size: 175

PID.c
		_PID_outputControlCalc		CODE           	187A	0000	1351

PID.c estimated size: 1351

Interrup.c
		_INTERRUPTION_Timer0		CODE           	2C18	0000	17
		_INTERRUPTION_Serial		CODE           	26A2	0000	175
		_INTERRUPTION  		CODE           	0808	0000	133

Interrup.c estimated size: 325

C:\Program Files (x86)\Microchip\xc8\v1.38\sources\common\ftmul.c
		___ftmul       		CODE           	2434	0000	245

C:\Program Files (x86)\Microchip\xc8\v1.38\sources\common\ftmul.c estimated size: 245

C:\Program Files (x86)\Microchip\xc8\v1.38\sources\common\ftdiv.c
		___ftdiv       		CODE           	223C	0000	261

C:\Program Files (x86)\Microchip\xc8\v1.38\sources\common\ftdiv.c estimated size: 261

ADXL345.c
		_readAccelGiroValues		CODE           	10EC	0000	1935
		_readACC       		CODE           	2A94	0000	69
		_sensorInit    		CODE           	2028	0000	533
		_initI2C       		CODE           	2528	0000	205
		_readGIRO      		CODE           	2A50	0000	69

ADXL345.c estimated size: 2811

Serial.c
		_waitToken     		CODE           	2B9E	0000	33
		_SerialRead    		CODE           	2BF0	0000	23
		_initUART      		CODE           	2B10	0000	51
		_SerialReadUntilToken		CODE           	29B2	0000	83
		_delayMS       		CODE           	2B72	0000	45

Serial.c estimated size: 235

C:\Program Files (x86)\Microchip\xc8\v1.38\sources\common\awdiv.c
		___awdiv       		CODE           	27E0	0000	133

C:\Program Files (x86)\Microchip\xc8\v1.38\sources\common\awdiv.c estimated size: 133

C:\Program Files (x86)\Microchip\xc8\v1.38\sources\pic18\plib\i2c\i2c_writ.c
		_WriteI2C      		CODE           	2A04	0000	77

C:\Program Files (x86)\Microchip\xc8\v1.38\sources\pic18\plib\i2c\i2c_writ.c estimated size: 77

PWM.c
		_PWM_Init      		CODE           	2BDA	0000	23
		_PWM_Execute   		CODE           	2958	0000	91

PWM.c estimated size: 114

C:\Program Files (x86)\Microchip\xc8\v1.38\sources\common\fttol.c
		___fttol       		CODE           	2340	0000	245

C:\Program Files (x86)\Microchip\xc8\v1.38\sources\common\fttol.c estimated size: 245

shared
		__initialization		CODE           	2864	0000	113

shared estimated size: 113

C:\Program Files (x86)\Microchip\xc8\v1.38\sources\pic18\plib\i2c\i2c_read.c
		_ReadI2C       		CODE           	2BBE	0000	29

C:\Program Files (x86)\Microchip\xc8\v1.38\sources\pic18\plib\i2c\i2c_read.c estimated size: 29

C:\Program Files (x86)\Microchip\xc8\v1.38\sources\common\awtoft.c
		___awtoft      		CODE           	2AD8	0000	57

C:\Program Files (x86)\Microchip\xc8\v1.38\sources\common\awtoft.c estimated size: 57

C:\Program Files (x86)\Microchip\xc8\v1.38\sources\common\ftadd.c
		___ftadd       		CODE           	1DC0	0000	617

C:\Program Files (x86)\Microchip\xc8\v1.38\sources\common\ftadd.c estimated size: 617

C:\Program Files (x86)\Microchip\xc8\v1.38\sources\pic18\plib\i2c\i2c_idle.c
		_IdleI2C       		CODE           	2C06	0000	19

C:\Program Files (x86)\Microchip\xc8\v1.38\sources\pic18\plib\i2c\i2c_idle.c estimated size: 19

main.c
		_main          		CODE           	089A	0000	2131

main.c estimated size: 2131

C:\Program Files (x86)\Microchip\xc8\v1.38\sources\common\ftge.c
		___ftge        		CODE           	2750	0000	145

C:\Program Files (x86)\Microchip\xc8\v1.38\sources\common\ftge.c estimated size: 145

C:\Program Files (x86)\Microchip\xc8\v1.38\sources\common\ftneg.c
		___ftneg       		CODE           	2B42	0000	49

C:\Program Files (x86)\Microchip\xc8\v1.38\sources\common\ftneg.c estimated size: 49

