Microchip MPLAB XC8 Compiler V1.38 ()

Linker command line:

--edf=C:\Program Files (x86)\Microchip\xc8\v1.38\dat\en_msgs.txt -cs \
  -h+dist/default/production\Teste18f.X.production.sym \
  --cmf=dist/default/production\Teste18f.X.production.cmf -z -Q18F2550 \
  -oC:\Users\LORDCO~1\AppData\Local\Temp\s4f0.2 \
  -Mdist/default/production/Teste18f.X.production.map -E1 -ver=XC8 \
  -ASTACK=025Bh-07ffh -pstack=STACK -ACODE=0800h-07FFFh \
  -ACONST=0800h-07FFFh -ASMALLCONST=0800h-08FFhx120 \
  -AMEDIUMCONST=0800h-07FFFh -ACOMRAM=01h-05Fh -AABS1=00h-07FFh \
  -ABIGRAM=01h-07FFh -ARAM=060h-0FFh,0100h-01FFhx7 -ABANK0=060h-0FFh \
  -ABANK1=0100h-01FFh -ABANK2=0200h-02FFh -ABANK3=0300h-03FFh \
  -ABANK4=0400h-04FFh -ABANK5=0500h-05FFh -ABANK6=0600h-06FFh \
  -ABANK7=0700h-07FFh -ASFR=0F60h-0FFFh \
  -preset_vec=0800h,intcode=0808h,intcodelo,powerup,init,end_init \
  -pramtop=0800h -psmallconst=SMALLCONST -pmediumconst=MEDIUMCONST \
  -pconst=CONST -AFARRAM=00h-00h -ACONFIG=0300000h-030000Dh -pconfig=CONFIG \
  -AIDLOC=0200000h-0200007h -pidloc=IDLOC -AEEDATA=0F00000h-0F000FFh \
  -peeprom_data=EEDATA \
  -prdata=COMRAM,nvrram=COMRAM,nvbit=COMRAM,rbss=COMRAM,rbit=COMRAM \
  -pfarbss=FARRAM,fardata=FARRAM,nvFARRAM=FARRAM \
  -pintsave_regs=BIGRAM,bigbss=BIGRAM,bigdata=BIGRAM -pbss=RAM \
  -pidata=CODE,irdata=CODE,ibigdata=CODE,ifardata=CODE -prparam=COMRAM \
  C:\Users\LORDCO~1\AppData\Local\Temp\s4f0.obj \
  dist/default/production\Teste18f.X.production.obj 

Object code version is 3.11

Machine type is 18F2550

Call graph: (short form)




                Name                               Link     Load   Length Selector   Space Scale
C:\Users\LORDCO~1\AppData\Local\Temp\s4f0.obj
                end_init                            816      816        4      404       0
                reset_vec                           800      800        4      400       0
                idloc                            200000   200000        8   200000       0
                config                           300000   300000        E   300000       0
dist/default/production\Teste18f.X.production.obj
                intcode                             808      808        E      404       0
                temp                                 4D       4D        1        1       1
                smallconst                          81A      81A       80      40D       0
                text25                             2558     2558       16      44D       0
                text24                             2326     2326       52      44D       0
                text23                             2506     2506       20      44D       0
                text22                             2018     2018       AE      44D       0
                text21                             22CC     22CC       5A      44D       0
                text20                             2580     2580       10      44D       0
                intcode_body                       2256     2256       76      44D       0
                text18                             1F6A     1F6A       AE      44D       0
                text17                             1A6A     1A6A      1AC      44D       0
                text16                             1C16     1C16      140      44D       0
                text15                             20C6     20C6       90      44D       0
                text14                             1D56     1D56      120      44D       0
                text13                             24E2     24E2       24      44D       0
                text12                             1524     1524      546      44D       0
                text11                             2542     2542       16      44D       0
                text10                             2156     2156       84      44D       0
                text9                              244C     244C       38      44D       0
                text8                              1E76     1E76       F4      44D       0
                text7                              24B6     24B6       2C      44D       0
                text6                              2484     2484       32      44D       0
                text5                              2526     2526       1C      44D       0
                text4                              256E     256E       12      44D       0
                text3                              2378     2378       4C      44D       0
                text2                              2408     2408       44      44D       0
                text1                              23C4     23C4       44      44D       0
                text0                               89A      89A      C8A      44D       0
                cstackCOMRAM                          1        1       3A        1       1
                cstackBANK0                          BD       BD       21       60       1
                cstackBANK2                         232      232       29      200       1
                bssBANK2                            200      200       32      200       1
                bssBANK1                            100      100       FE      100       1
                dataBANK0                            DE       DE        8       60       1
                bssBANK0                             60       60       5D       60       1
                dataCOMRAM                           3B       3B        D        1       1
                bssCOMRAM                            48       48        4        1       1
                bitbssCOMRAM                        260       4C        2        1       1     8
                cinit                              21DA     21DA       7C      44D       0
                idataBANK0                         259D     259D        8      44D       0
                idataCOMRAM                        2590     2590        D      44D       0

TOTAL           Name                               Link     Load   Length     Space
        CLASS   STACK          

        CLASS   CODE           
                end_init                            816      816        4         0
                intcode                             808      808        E         0
                reset_vec                           800      800        4         0
                text25                             2558     2558       16         0
                text24                             2326     2326       52         0
                text23                             2506     2506       20         0
                text22                             2018     2018       AE         0
                text21                             22CC     22CC       5A         0
                text20                             2580     2580       10         0
                intcode_body                       2256     2256       76         0
                text18                             1F6A     1F6A       AE         0
                text17                             1A6A     1A6A      1AC         0
                text16                             1C16     1C16      140         0
                text15                             20C6     20C6       90         0
                text14                             1D56     1D56      120         0
                text13                             24E2     24E2       24         0
                text12                             1524     1524      546         0
                text11                             2542     2542       16         0
                text10                             2156     2156       84         0
                text9                              244C     244C       38         0
                text8                              1E76     1E76       F4         0
                text7                              24B6     24B6       2C         0
                text6                              2484     2484       32         0
                text5                              2526     2526       1C         0
                text4                              256E     256E       12         0
                text3                              2378     2378       4C         0
                text2                              2408     2408       44         0
                text1                              23C4     23C4       44         0
                text0                               89A      89A      C8A         0
                cinit                              21DA     21DA       7C         0
                idataBANK0                         259D     259D        8         0
                idataCOMRAM                        2590     2590        D         0

        CLASS   CONST          

        CLASS   SMALLCONST     
                smallconst                          81A      81A       80         0

        CLASS   MEDIUMCONST    

        CLASS   COMRAM         
                temp                                 4D       4D        1         1
                cstackCOMRAM                          1        1       3A         1
                dataCOMRAM                           3B       3B        D         1
                bssCOMRAM                            48       48        4         1
                bitbssCOMRAM                        260       4C        2         1

        CLASS   ABS1           

        CLASS   BIGRAM         

        CLASS   RAM            

        CLASS   BANK0          
                cstackBANK0                          BD       BD       21         1
                dataBANK0                            DE       DE        8         1
                bssBANK0                             60       60       5D         1

        CLASS   BANK1          
                bssBANK1                            100      100       FE         1

        CLASS   BANK2          
                cstackBANK2                         232      232       29         1
                bssBANK2                            200      200       32         1

        CLASS   BANK3          

        CLASS   BANK4          

        CLASS   BANK5          

        CLASS   BANK6          

        CLASS   BANK7          

        CLASS   SFR            

        CLASS   FARRAM         

        CLASS   CONFIG         
                config                           300000   300000        E         0

        CLASS   IDLOC          
                idloc                            200000   200000        8         0

        CLASS   EEDATA         



SEGMENTS        Name                           Load    Length   Top    Selector   Space  Class

                cstackCOMRAM                   000001  00004D  00004E         1       1  COMRAM  
                bssBANK0                       000060  000086  0000E6        60       1  BANK0   
                bssBANK1                       000100  0000FE  0001FE       100       1  BANK1   
                bssBANK2                       000200  00005B  00025B       200       1  BANK2   
                reset_vec                      000800  000004  000804       400       0  CODE    
                intcode                        000808  000012  00081A       404       0  CODE    
                smallconst                     00081A  000080  00089A       40D       0  SMALLCON
                text0                          00089A  001D0B  0025A5       44D       0  CODE    
                idloc                          200000  000008  200008    200000       0  IDLOC   
                config                         300000  00000E  30000E    300000       0  CONFIG  


UNUSED ADDRESS RANGES

        Name                Unused          Largest block    Delta
        BANK0            0000E6-0000FF               1A
        BANK1            0001FE-0001FF                2
        BANK2            00025B-0002FF               A5
        BANK3            000300-0003FF              100
        BANK4            000400-0004FF              100
        BANK5            000500-0005FF              100
        BANK6            000600-0006FF              100
        BANK7            000700-0007FF              100
        BIGRAM           00004E-00005F               12
                         0000E6-0000FF               1A
                         0001FE-0001FF                2
                         00025B-0007FF              5A5
        CODE             000804-000807                4
                         0025A5-007FFF             5A5B
        COMRAM           00004E-00005F               12
        CONST            000804-000807                4
                         0025A5-007FFF             5A5B
        EEDATA           F00000-F000FF              100
        FARRAM           000000-000000                1
        MEDIUMCONST      000804-000807                4
                         0025A5-007FFF             5A5B
        RAM              0000E6-0000FF               1A
                         0001FE-0001FF                2
                         00025B-0007FF              100
        SFR              000F60-000FFF               A0
        SMALLCONST       000804-000807                4
                         0025A5-007FFF              100
        STACK            00025B-0007FF              5A5

                                  Symbol Table

?___awdiv                          cstackCOMRAM 000017
?___awtoft                         cstackCOMRAM 00001F
?___ftadd                          cstackCOMRAM 000023
?___ftdiv                          cstackBANK0  0000C3
?___ftmul                          cstackCOMRAM 00002F
?___ftneg                          cstackCOMRAM 00001B
?___ftpack                         cstackCOMRAM 000013
?___fttol                          cstackCOMRAM 000013
PID_outputControlCalc@reference    cstackBANK0  0000CF
PID_outputControlCalc@systemOutput cstackBANK0  0000D2
PID_outputControlCalc@whichPID     cstackBANK0  0000D5
SerialReadUntilToken@charToCompare cstackCOMRAM 000002
SerialReadUntilToken@i             cstackCOMRAM 000003
WifiTCPSend@F4101                  dataBANK0    0000DE
WriteI2C@data_out                  cstackCOMRAM 000014
_A                                 bssBANK1     000194
_ADC                               bssBANK1     0001EA
_ADCON0                            (abs)        000FC2
_ADCON0bits                        (abs)        000FC2
_ADCON1                            (abs)        000FC1
_ADCON2                            (abs)        000FC0
_ADC_Channel                       bssCOMRAM    000048
_ADC_NChannel                      dataCOMRAM   000043
_ADDEN                             (abs)        007D5B
_ADRESH                            (abs)        000FC4
_ADRESL                            (abs)        000FC3
_BRGH                              (abs)        007D62
_CREN                              (abs)        007D5C
_CSRC                              (abs)        007D67
_FERR                              (abs)        007D5A
_INTCON                            (abs)        000FF2
_INTCONbits                        (abs)        000FF2
_INTERRUPTION                      intcode      000808
_INTERRUPTION_Serial               text22       002018
_INTERRUPTION_Timer0               text20       002580
_IdleI2C                           text4        00256E
_LATB                              (abs)        000F8A
_OERR                              (abs)        007D59
_PID_interruptCounter              bssBANK0     0000B7
_PID_outputControlCalc             text12       001524
_PID_outputControlCalc$1974        cstackBANK0  0000D8
_PIE1bits                          (abs)        000F9D
_PIR1bits                          (abs)        000F9E
_PORTB                             (abs)        000F81
_PWM_Counter                       bssCOMRAM    00004A
_PWM_Execute                       text21       0022CC
_PWM_Init                          text11       002542
_RCIE                              (abs)        007CED
_RCIF                              (abs)        007CF5
_RCREG                             (abs)        000FAE
_RX9                               (abs)        007D5E
_RX9D                              (abs)        007D58
_ReadI2C                           text5        002526
_SENDB                             (abs)        007D63
_SPBRG                             (abs)        000FAF
_SPBRGH                            (abs)        000FB0
_SPEN                              (abs)        007D5F
_SREN                              (abs)        007D5D
_SSPADD                            (abs)        000FC8
_SSPBUF                            (abs)        000FC9
_SSPCON1                           (abs)        000FC6
_SSPCON1bits                       (abs)        000FC6
_SSPCON2                           (abs)        000FC5
_SSPCON2bits                       (abs)        000FC5
_SSPSTAT                           (abs)        000FC7
_SSPSTATbits                       (abs)        000FC7
_SYNC                              (abs)        007D64
_SerialLen                         dataCOMRAM   000045
_SerialRead                        text25       002558
_SerialReadUntilToken              text24       002326
_SerialReceivedData                bssCOMRAM    00004B
_SerialReceivedString              bssBANK1     0001B8
_SerialSendString                  bssBANK2     000200
_T0CON                             (abs)        000FD5
_TMR0L                             (abs)        000FD6
_TRISA                             (abs)        000F92
_TRISB                             (abs)        000F93
_TRISCbits                         (abs)        000F94
_TRMT                              (abs)        007D61
_TX9                               (abs)        007D66
_TX9D                              (abs)        007D60
_TXEN                              (abs)        007D65
_TXIE                              (abs)        007CEC
_TXIF                              (abs)        007CF4
_TXREG                             (abs)        000FAD
_WifiTCPData                       bssBANK0     000060
_WifiTCPDataLen                    dataBANK0    0000E4
_WriteI2C                          text3        002378
__CFG_CPUDIV$OSC1_PLL2             (abs)        000000
__CFG_FOSC$HSPLL_HS                (abs)        000000
__CFG_LVP$OFF                      (abs)        000000
__CFG_MCLRE$ON                     (abs)        000000
__CFG_PBADEN$OFF                   (abs)        000000
__CFG_PLLDIV$5                     (abs)        000000
__CFG_PWRT$ON                      (abs)        000000
__CFG_USBDIV$2                     (abs)        000000
__CFG_WDT$OFF                      (abs)        000000
__HRAM                             (abs)        000000
__Habs1                            abs1         000000
__Hbank0                           bank0        000000
__Hbank1                           bank1        000000
__Hbank2                           bank2        000000
__Hbank3                           bank3        000000
__Hbank4                           bank4        000000
__Hbank5                           bank5        000000
__Hbank6                           bank6        000000
__Hbank7                           bank7        000000
__Hbigbss                          bigbss       000000
__Hbigdata                         bigdata      000000
__Hbigram                          bigram       000000
__HbitbssCOMRAM                    bitbssCOMRAM 000000
__Hbss                             bss          000000
__HbssBANK0                        bssBANK0     000000
__HbssBANK1                        bssBANK1     000000
__HbssBANK2                        bssBANK2     000000
__HbssCOMRAM                       bssCOMRAM    000000
__Hcinit                           cinit        000000
__Hclrtext                         clrtext      000000
__Hcomram                          comram       000000
__Hconfig                          config       30000E
__Hconst                           const        000000
__HcstackBANK0                     cstackBANK0  000000
__HcstackBANK2                     cstackBANK2  000000
__HcstackCOMRAM                    cstackCOMRAM 000000
__Hdata                            data         000000
__HdataBANK0                       dataBANK0    000000
__HdataCOMRAM                      dataCOMRAM   000000
__Heeprom_data                     eeprom_data  000000
__Hend_init                        end_init     00081A
__Hfarbss                          farbss       000000
__Hfardata                         fardata      000000
__Hibigdata                        ibigdata     000000
__Hidata                           idata        000000
__HidataBANK0                      idataBANK0   000000
__HidataCOMRAM                     idataCOMRAM  000000
__Hidloc                           idloc        200008
__Hifardata                        ifardata     000000
__Hinit                            init         000816
__Hintcode                         intcode      000816
__Hintcode_body                    intcode_body 000000
__Hintcodelo                       intcodelo    000816
__Hintentry                        intentry     000000
__Hintret                          intret       000000
__Hintsave_regs                    intsave_regs 000000
__Hirdata                          irdata       000000
__Hmediumconst                     mediumconst  000000
__HnvFARRAM                        nvFARRAM     000000
__Hnvbit                           nvbit        000000
__Hnvrram                          nvrram       000000
__Hparam                           rparam       000000
__Hpowerup                         powerup      000816
__Hram                             ram          000000
__Hramtop                          ramtop       000800
__Hrbit                            rbit         000000
__Hrbss                            rbss         000000
__Hrdata                           rdata        000000
__Hreset_vec                       reset_vec    000804
__Hrparam                          rparam       000000
__Hsfr                             sfr          000000
__Hsmallconst                      smallconst   00089A
__Hspace_0                         (abs)        30000E
__Hspace_1                         (abs)        000262
__Hspace_2                         (abs)        000000
__Hstack                           stack        000000
__Hstruct                          struct       000000
__Htemp                            temp         00004E
__Htext                            text         000000
__Htext0                           text0        000000
__Htext1                           text1        000000
__Htext10                          text10       000000
__Htext11                          text11       000000
__Htext12                          text12       000000
__Htext13                          text13       000000
__Htext14                          text14       000000
__Htext15                          text15       000000
__Htext16                          text16       000000
__Htext17                          text17       000000
__Htext18                          text18       000000
__Htext2                           text2        000000
__Htext20                          text20       000000
__Htext21                          text21       000000
__Htext22                          text22       000000
__Htext23                          text23       000000
__Htext24                          text24       000000
__Htext25                          text25       000000
__Htext3                           text3        000000
__Htext4                           text4        000000
__Htext5                           text5        000000
__Htext6                           text6        000000
__Htext7                           text7        000000
__Htext8                           text8        000000
__Htext9                           text9        000000
__LRAM                             (abs)        000001
__Labs1                            abs1         000000
__Lbank0                           bank0        000000
__Lbank1                           bank1        000000
__Lbank2                           bank2        000000
__Lbank3                           bank3        000000
__Lbank4                           bank4        000000
__Lbank5                           bank5        000000
__Lbank6                           bank6        000000
__Lbank7                           bank7        000000
__Lbigbss                          bigbss       000000
__Lbigdata                         bigdata      000000
__Lbigram                          bigram       000000
__LbitbssCOMRAM                    bitbssCOMRAM 000000
__Lbss                             bss          000000
__LbssBANK0                        bssBANK0     000000
__LbssBANK1                        bssBANK1     000000
__LbssBANK2                        bssBANK2     000000
__LbssCOMRAM                       bssCOMRAM    000000
__Lcinit                           cinit        000000
__Lclrtext                         clrtext      000000
__Lcomram                          comram       000000
__Lconfig                          config       300000
__Lconst                           const        000000
__LcstackBANK0                     cstackBANK0  000000
__LcstackBANK2                     cstackBANK2  000000
__LcstackCOMRAM                    cstackCOMRAM 000000
__Ldata                            data         000000
__LdataBANK0                       dataBANK0    000000
__LdataCOMRAM                      dataCOMRAM   000000
__Leeprom_data                     eeprom_data  000000
__Lend_init                        end_init     000816
__Lfarbss                          farbss       000000
__Lfardata                         fardata      000000
__Libigdata                        ibigdata     000000
__Lidata                           idata        000000
__LidataBANK0                      idataBANK0   000000
__LidataCOMRAM                     idataCOMRAM  000000
__Lidloc                           idloc        200000
__Lifardata                        ifardata     000000
__Linit                            init         000816
__Lintcode                         intcode      000808
__Lintcode_body                    intcode_body 000000
__Lintcodelo                       intcodelo    000816
__Lintentry                        intentry     000000
__Lintret                          intret       000000
__Lintsave_regs                    intsave_regs 000000
__Lirdata                          irdata       000000
__Lmediumconst                     mediumconst  000000
__LnvFARRAM                        nvFARRAM     000000
__Lnvbit                           nvbit        000000
__Lnvrram                          nvrram       000000
__Lparam                           rparam       000000
__Lpowerup                         powerup      000816
__Lram                             ram          000000
__Lramtop                          ramtop       000800
__Lrbit                            rbit         000000
__Lrbss                            rbss         000000
__Lrdata                           rdata        000000
__Lreset_vec                       reset_vec    000800
__Lrparam                          rparam       000000
__Lsfr                             sfr          000000
__Lsmallconst                      smallconst   00081A
__Lspace_0                         (abs)        000000
__Lspace_1                         (abs)        000000
__Lspace_2                         (abs)        000000
__Lstack                           stack        000000
__Lstruct                          struct       000000
__Ltemp                            temp         00004D
__Ltext                            text         000000
__Ltext0                           text0        000000
__Ltext1                           text1        000000
__Ltext10                          text10       000000
__Ltext11                          text11       000000
__Ltext12                          text12       000000
__Ltext13                          text13       000000
__Ltext14                          text14       000000
__Ltext15                          text15       000000
__Ltext16                          text16       000000
__Ltext17                          text17       000000
__Ltext18                          text18       000000
__Ltext2                           text2        000000
__Ltext20                          text20       000000
__Ltext21                          text21       000000
__Ltext22                          text22       000000
__Ltext23                          text23       000000
__Ltext24                          text24       000000
__Ltext25                          text25       000000
__Ltext3                           text3        000000
__Ltext4                           text4        000000
__Ltext5                           text5        000000
__Ltext6                           text6        000000
__Ltext7                           text7        000000
__Ltext8                           text8        000000
__Ltext9                           text9        000000
__S0                               (abs)        30000E
__S1                               (abs)        00025B
__S2                               (abs)        000000
___awdiv                           text10       002156
___awdiv@counter                   cstackCOMRAM 00001B
___awdiv@dividend                  cstackCOMRAM 000017
___awdiv@divisor                   cstackCOMRAM 000019
___awdiv@quotient                  cstackCOMRAM 00001D
___awdiv@sign                      cstackCOMRAM 00001C
___awtoft                          text9        00244C
___awtoft@c                        cstackCOMRAM 00001F
___awtoft@sign                     cstackCOMRAM 000022
___ftadd                           text17       001A6A
___ftadd@exp1                      cstackCOMRAM 00002E
___ftadd@exp2                      cstackCOMRAM 00002D
___ftadd@f1                        cstackCOMRAM 000023
___ftadd@f2                        cstackCOMRAM 000026
___ftadd@sign                      cstackCOMRAM 00002C
___ftdiv                           text16       001C16
___ftdiv@cntr                      cstackBANK0  0000C9
___ftdiv@exp                       cstackBANK0  0000CD
___ftdiv@f1                        cstackBANK0  0000C3
___ftdiv@f2                        cstackBANK0  0000C6
___ftdiv@f3                        cstackBANK0  0000CA
___ftdiv@sign                      cstackBANK0  0000CE
___ftge                            text15       0020C6
___ftge@ff1                        cstackCOMRAM 000013
___ftge@ff2                        cstackCOMRAM 000016
___ftmul                           text14       001D56
___ftmul@cntr                      cstackBANK0  0000C1
___ftmul@exp                       cstackBANK0  0000BD
___ftmul@f1                        cstackCOMRAM 00002F
___ftmul@f2                        cstackCOMRAM 000032
___ftmul@f3_as_product             cstackBANK0  0000BE
___ftmul@sign                      cstackBANK0  0000C2
___ftneg                           text13       0024E2
___ftneg@f1                        cstackCOMRAM 00001B
___ftpack                          text18       001F6A
___ftpack@arg                      cstackCOMRAM 000013
___ftpack@exp                      cstackCOMRAM 000016
___ftpack@sign                     cstackCOMRAM 000017
___fttol                           text8        001E76
___fttol@exp1                      cstackCOMRAM 000021
___fttol@f1                        cstackCOMRAM 000013
___fttol@lval                      cstackCOMRAM 00001D
___fttol@sign1                     cstackCOMRAM 00001C
___inthi_sp                        stack        000000
___intlo_sp                        stack        000000
___param_bank                      (abs)        000010
___rparam_used                     (abs)        000001
___sp                              stack        000000
__accesstop                        (abs)        000060
__activetblptr                     (abs)        000002
__end_of_INTERRUPTION              intcode_body 0022CC
__end_of_INTERRUPTION_Serial       text22       0020C6
__end_of_INTERRUPTION_Timer0       text20       002590
__end_of_IdleI2C                   text4        002580
__end_of_PID_outputControlCalc     text12       001A6A
__end_of_PWM_Execute               text21       002326
__end_of_PWM_Init                  text11       002558
__end_of_ReadI2C                   text5        002542
__end_of_SerialRead                text25       00256E
__end_of_SerialReadUntilToken      text24       002378
__end_of_WriteI2C                  text3        0023C4
__end_of___awdiv                   text10       0021DA
__end_of___awtoft                  text9        002484
__end_of___ftadd                   text17       001C16
__end_of___ftdiv                   text16       001D56
__end_of___ftge                    text15       002156
__end_of___ftmul                   text14       001E76
__end_of___ftneg                   text13       002506
__end_of___ftpack                  text18       002018
__end_of___fttol                   text8        001F6A
__end_of__initialization           cinit        002248
__end_of_delayMS                   text7        0024E2
__end_of_initUART                  text6        0024B6
__end_of_main                      text0        001524
__end_of_readACC                   text2        00244C
__end_of_readGIRO                  text1        002408
__end_of_waitToken                 text23       002526
__initialization                   cinit        0021DA
__mediumconst                      mediumconst  000000
__pbitbssCOMRAM                    bitbssCOMRAM 000260
__pbssBANK0                        bssBANK0     000060
__pbssBANK1                        bssBANK1     000100
__pbssBANK2                        bssBANK2     000200
__pbssCOMRAM                       bssCOMRAM    000048
__pcinit                           cinit        0021DA
__pcstackBANK0                     cstackBANK0  0000BD
__pcstackBANK2                     cstackBANK2  000232
__pcstackCOMRAM                    cstackCOMRAM 000001
__pdataBANK0                       dataBANK0    0000DE
__pdataCOMRAM                      dataCOMRAM   00003B
__pidataBANK0                      idataBANK0   00259D
__pidataCOMRAM                     idataCOMRAM  002590
__pintcode                         intcode      000808
__pintcode_body                    intcode_body 002256
__psmallconst                      smallconst   00081A
__ptext0                           text0        00089A
__ptext1                           text1        0023C4
__ptext10                          text10       002156
__ptext11                          text11       002542
__ptext12                          text12       001524
__ptext13                          text13       0024E2
__ptext14                          text14       001D56
__ptext15                          text15       0020C6
__ptext16                          text16       001C16
__ptext17                          text17       001A6A
__ptext18                          text18       001F6A
__ptext2                           text2        002408
__ptext20                          text20       002580
__ptext21                          text21       0022CC
__ptext22                          text22       002018
__ptext23                          text23       002506
__ptext24                          text24       002326
__ptext25                          text25       002558
__ptext3                           text3        002378
__ptext4                           text4        00256E
__ptext5                           text5        002526
__ptext6                           text6        002484
__ptext7                           text7        0024B6
__ptext8                           text8        001E76
__ptext9                           text9        00244C
__pwm                              dataCOMRAM   00003B
__ramtop                           ramtop       000800
__size_of_INTERRUPTION             (abs)        000000
__size_of_INTERRUPTION_Serial      (abs)        000000
__size_of_INTERRUPTION_Timer0      (abs)        000000
__size_of_IdleI2C                  (abs)        000000
__size_of_PID_outputControlCalc    (abs)        000000
__size_of_PWM_Execute              (abs)        000000
__size_of_PWM_Init                 (abs)        000000
__size_of_ReadI2C                  (abs)        000000
__size_of_SerialRead               (abs)        000000
__size_of_SerialReadUntilToken     (abs)        000000
__size_of_WriteI2C                 (abs)        000000
__size_of___awdiv                  (abs)        000000
__size_of___awtoft                 (abs)        000000
__size_of___ftadd                  (abs)        000000
__size_of___ftdiv                  (abs)        000000
__size_of___ftge                   (abs)        000000
__size_of___ftmul                  (abs)        000000
__size_of___ftneg                  (abs)        000000
__size_of___ftpack                 (abs)        000000
__size_of___fttol                  (abs)        000000
__size_of_delayMS                  (abs)        000000
__size_of_initUART                 (abs)        000000
__size_of_main                     (abs)        000000
__size_of_readACC                  (abs)        000000
__size_of_readGIRO                 (abs)        000000
__size_of_waitToken                (abs)        000000
__smallconst                       smallconst   00081A
_accel                             bssBANK0     00006F
_accelBias                         bssBANK0     000078
_accelTemp                         bssBANK0     000081
_contador                          bssBANK0     0000BB
_delayMS                           text7        0024B6
_filtro                            dataBANK0    0000E1
_flagData                          bitbssCOMRAM 000260
_flagLink                          bitbssCOMRAM 000261
_freq                              dataCOMRAM   000047
_giro                              bssBANK0     00008A
_giroBias                          bssBANK0     000093
_giroTemp                          bssBANK0     00009C
_h                                 dataCOMRAM   000040
_initUART                          text6        002484
_main                              text0        00089A
_main$1972                         cstackBANK2  000255
_main$1973                         cstackBANK2  000251
_pid                               bssBANK1     000100
_pos                               bssBANK0     0000A5
_readACC                           text2        002408
_readGIRO                          text1        0023C4
_vel                               bssBANK0     0000AE
_waitToken                         text23       002506
btemp                              temp         00004D
delayMS@j                          cstackCOMRAM 000016
delayMS@waitTime                   cstackCOMRAM 000013
end_of_initialization              cinit        002248
int$flags                          temp         00004D
int_func                           intcode_body 002256
intlevel0                          text         000000
intlevel1                          text         000000
intlevel2                          text         000000
intlevel3                          text         000000
main@i                             cstackBANK2  000254
main@j                             cstackBANK2  000232
main@l                             cstackBANK2  000245
main@lambda                        cstackBANK2  000248
main@phi                           cstackBANK2  00023F
main@psi                           cstackBANK2  000242
main@pwmTemp                       cstackBANK2  000258
main@theta                         cstackBANK2  000239
main@u1                            cstackBANK2  00024B
main@u2                            cstackBANK2  000233
main@u3                            cstackBANK2  000236
main@u4                            cstackBANK2  00024E
main@z                             cstackBANK2  00023C
readACC@Adress                     cstackCOMRAM 000015
readACC@c                          cstackCOMRAM 000016
readGIRO@Adress                    cstackCOMRAM 000015
readGIRO@c                         cstackCOMRAM 000016
stackhi                            (abs)        0007FF
stacklo                            (abs)        00025B
start                              init         000816
start_initialization               cinit        0021DA
waitToken@value                    cstackCOMRAM 000001


FUNCTION INFORMATION:

 *************** function _main *****************
 Defined at:
		line 25 in file "main.c"
 Parameters:    Size  Location     Type
		None
 Auto vars:     Size  Location     Type
  pwmTemp         3   38[BANK2 ] float 
  u4              3   28[BANK2 ] float 
  u1              3   25[BANK2 ] float 
  lambda          3   22[BANK2 ] float 
  l               3   19[BANK2 ] float 
  u3              3    4[BANK2 ] float 
  u2              3    1[BANK2 ] float 
  i               1   34[BANK2 ] unsigned char 
  psi             3   16[BANK2 ] float 
  phi             3   13[BANK2 ] float 
  z               3   10[BANK2 ] float 
  theta           3    7[BANK2 ] float 
  j               1    0[BANK2 ] unsigned char 
 Return value:  Size  Location     Type
                  1    wreg      void 
 Registers used:
		wreg, fsr1l, fsr1h, fsr2l, fsr2h, status,2, status,0, prodl, prodh, cstack
 Tracked objects:
		On entry : 
		On exit  : 
		Unchanged: 
 Data sizes:     COMRAM   BANK0   BANK1   BANK2   BANK3   BANK4   BANK5   BANK6   BANK7
      Params:         0       0       0       0       0       0       0       0       0
      Locals:         0       0       0      41       0       0       0       0       0
      Temps:          0       3       0       0       0       0       0       0       0
      Totals:         0       3       0      41       0       0       0       0       0
Total ram usage:       44 bytes
 Hardware stack levels required when called:    7
 This function calls:
		_PID_outputControlCalc
		_PWM_Init
		___awdiv
		___awtoft
		___ftadd
		___ftdiv
		___ftge
		___ftmul
		___ftneg
		___fttol
		_delayMS
		_initUART
		_readACC
		_readGIRO
 This function is called by:
		Startup code after reset
 This function uses a non-reentrant model


 *************** function _readGIRO *****************
 Defined at:
		line 69 in file "ADXL345.c"
 Parameters:    Size  Location     Type
  Adress          1    wreg     unsigned char 
 Auto vars:     Size  Location     Type
  Adress          1   20[COMRAM] unsigned char 
  c               1   21[COMRAM] unsigned char 
 Return value:  Size  Location     Type
                  1    wreg      unsigned char 
 Registers used:
		wreg, status,2, status,0, cstack
 Tracked objects:
		On entry : 
		On exit  : 
		Unchanged: 
 Data sizes:     COMRAM   BANK0   BANK1   BANK2   BANK3   BANK4   BANK5   BANK6   BANK7
      Params:         0       0       0       0       0       0       0       0       0
      Locals:         2       0       0       0       0       0       0       0       0
      Temps:          0       0       0       0       0       0       0       0       0
      Totals:         2       0       0       0       0       0       0       0       0
Total ram usage:        2 bytes
 Hardware stack levels used:    1
 Hardware stack levels required when called:    6
 This function calls:
		_IdleI2C
		_ReadI2C
		_WriteI2C
 This function is called by:
		_main
		_readAccelGiroValues
 This function uses a non-reentrant model


 *************** function _readACC *****************
 Defined at:
		line 53 in file "ADXL345.c"
 Parameters:    Size  Location     Type
  Adress          1    wreg     unsigned char 
 Auto vars:     Size  Location     Type
  Adress          1   20[COMRAM] unsigned char 
  c               1   21[COMRAM] unsigned char 
 Return value:  Size  Location     Type
                  1    wreg      unsigned char 
 Registers used:
		wreg, status,2, status,0, cstack
 Tracked objects:
		On entry : 
		On exit  : 
		Unchanged: 
 Data sizes:     COMRAM   BANK0   BANK1   BANK2   BANK3   BANK4   BANK5   BANK6   BANK7
      Params:         0       0       0       0       0       0       0       0       0
      Locals:         2       0       0       0       0       0       0       0       0
      Temps:          0       0       0       0       0       0       0       0       0
      Totals:         2       0       0       0       0       0       0       0       0
Total ram usage:        2 bytes
 Hardware stack levels used:    1
 Hardware stack levels required when called:    6
 This function calls:
		_IdleI2C
		_ReadI2C
		_WriteI2C
 This function is called by:
		_main
		_readAccelGiroValues
 This function uses a non-reentrant model


 *************** function _WriteI2C *****************
 Defined at:
		line 12 in file "C:\Program Files (x86)\Microchip\xc8\v1.38\sources\pic18\plib\i2c\i2c_writ.c"
 Parameters:    Size  Location     Type
  data_out        1    wreg     unsigned char 
 Auto vars:     Size  Location     Type
  data_out        1   19[COMRAM] unsigned char 
 Return value:  Size  Location     Type
                  1    wreg      char 
 Registers used:
		wreg, status,2, status,0, cstack
 Tracked objects:
		On entry : 
		On exit  : 
		Unchanged: 
 Data sizes:     COMRAM   BANK0   BANK1   BANK2   BANK3   BANK4   BANK5   BANK6   BANK7
      Params:         0       0       0       0       0       0       0       0       0
      Locals:         1       0       0       0       0       0       0       0       0
      Temps:          0       0       0       0       0       0       0       0       0
      Totals:         1       0       0       0       0       0       0       0       0
Total ram usage:        1 bytes
 Hardware stack levels used:    1
 Hardware stack levels required when called:    5
 This function calls:
		_IdleI2C
 This function is called by:
		_readACC
		_readGIRO
		_initI2C
 This function uses a non-reentrant model


 *************** function _IdleI2C *****************
 Defined at:
		line 24 in file "C:\Program Files (x86)\Microchip\xc8\v1.38\sources\pic18\plib\i2c\i2c_idle.c"
 Parameters:    Size  Location     Type
		None
 Auto vars:     Size  Location     Type
		None
 Return value:  Size  Location     Type
                  1    wreg      void 
 Registers used:
		wreg, status,2, status,0
 Tracked objects:
		On entry : 
		On exit  : 
		Unchanged: 
 Data sizes:     COMRAM   BANK0   BANK1   BANK2   BANK3   BANK4   BANK5   BANK6   BANK7
      Params:         0       0       0       0       0       0       0       0       0
      Locals:         0       0       0       0       0       0       0       0       0
      Temps:          1       0       0       0       0       0       0       0       0
      Totals:         1       0       0       0       0       0       0       0       0
Total ram usage:        1 bytes
 Hardware stack levels used:    1
 Hardware stack levels required when called:    4
 This function calls:
		Nothing
 This function is called by:
		_readACC
		_readGIRO
		_WriteI2C
		_initI2C
 This function uses a non-reentrant model


 *************** function _ReadI2C *****************
 Defined at:
		line 11 in file "C:\Program Files (x86)\Microchip\xc8\v1.38\sources\pic18\plib\i2c\i2c_read.c"
 Parameters:    Size  Location     Type
		None
 Auto vars:     Size  Location     Type
		None
 Return value:  Size  Location     Type
                  1    wreg      unsigned char 
 Registers used:
		wreg, status,2, status,0
 Tracked objects:
		On entry : 
		On exit  : 
		Unchanged: 
 Data sizes:     COMRAM   BANK0   BANK1   BANK2   BANK3   BANK4   BANK5   BANK6   BANK7
      Params:         0       0       0       0       0       0       0       0       0
      Locals:         0       0       0       0       0       0       0       0       0
      Temps:          0       0       0       0       0       0       0       0       0
      Totals:         0       0       0       0       0       0       0       0       0
Total ram usage:        0 bytes
 Hardware stack levels used:    1
 Hardware stack levels required when called:    4
 This function calls:
		Nothing
 This function is called by:
		_readACC
		_readGIRO
 This function uses a non-reentrant model


 *************** function _initUART *****************
 Defined at:
		line 18 in file "Serial.c"
 Parameters:    Size  Location     Type
		None
 Auto vars:     Size  Location     Type
		None
 Return value:  Size  Location     Type
                  1    wreg      void 
 Registers used:
		wreg, status,2
 Tracked objects:
		On entry : 
		On exit  : 
		Unchanged: 
 Data sizes:     COMRAM   BANK0   BANK1   BANK2   BANK3   BANK4   BANK5   BANK6   BANK7
      Params:         0       0       0       0       0       0       0       0       0
      Locals:         0       0       0       0       0       0       0       0       0
      Temps:          0       0       0       0       0       0       0       0       0
      Totals:         0       0       0       0       0       0       0       0       0
Total ram usage:        0 bytes
 Hardware stack levels used:    1
 Hardware stack levels required when called:    4
 This function calls:
		Nothing
 This function is called by:
		_main
 This function uses a non-reentrant model


 *************** function _delayMS *****************
 Defined at:
		line 11 in file "Serial.c"
 Parameters:    Size  Location     Type
  waitTime        2   18[COMRAM] unsigned int 
 Auto vars:     Size  Location     Type
  j               2   21[COMRAM] unsigned int 
 Return value:  Size  Location     Type
                  1    wreg      void 
 Registers used:
		wreg, status,2, status,0
 Tracked objects:
		On entry : 
		On exit  : 
		Unchanged: 
 Data sizes:     COMRAM   BANK0   BANK1   BANK2   BANK3   BANK4   BANK5   BANK6   BANK7
      Params:         2       0       0       0       0       0       0       0       0
      Locals:         2       0       0       0       0       0       0       0       0
      Temps:          1       0       0       0       0       0       0       0       0
      Totals:         5       0       0       0       0       0       0       0       0
Total ram usage:        5 bytes
 Hardware stack levels used:    1
 Hardware stack levels required when called:    4
 This function calls:
		Nothing
 This function is called by:
		_main
 This function uses a non-reentrant model


 *************** function ___fttol *****************
 Defined at:
		line 44 in file "C:\Program Files (x86)\Microchip\xc8\v1.38\sources\common\fttol.c"
 Parameters:    Size  Location     Type
  f1              3   18[COMRAM] float 
 Auto vars:     Size  Location     Type
  lval            4   28[COMRAM] unsigned long 
  exp1            1   32[COMRAM] unsigned char 
  sign1           1   27[COMRAM] unsigned char 
 Return value:  Size  Location     Type
                  4   18[COMRAM] long 
 Registers used:
		wreg, status,2, status,0
 Tracked objects:
		On entry : 
		On exit  : 
		Unchanged: 
 Data sizes:     COMRAM   BANK0   BANK1   BANK2   BANK3   BANK4   BANK5   BANK6   BANK7
      Params:         4       0       0       0       0       0       0       0       0
      Locals:         6       0       0       0       0       0       0       0       0
      Temps:          5       0       0       0       0       0       0       0       0
      Totals:        15       0       0       0       0       0       0       0       0
Total ram usage:       15 bytes
 Hardware stack levels used:    1
 Hardware stack levels required when called:    4
 This function calls:
		Nothing
 This function is called by:
		_main
 This function uses a non-reentrant model


 *************** function ___awtoft *****************
 Defined at:
		line 32 in file "C:\Program Files (x86)\Microchip\xc8\v1.38\sources\common\awtoft.c"
 Parameters:    Size  Location     Type
  c               2   30[COMRAM] int 
 Auto vars:     Size  Location     Type
  sign            1   33[COMRAM] unsigned char 
 Return value:  Size  Location     Type
                  3   30[COMRAM] float 
 Registers used:
		wreg, status,2, status,0, cstack
 Tracked objects:
		On entry : 
		On exit  : 
		Unchanged: 
 Data sizes:     COMRAM   BANK0   BANK1   BANK2   BANK3   BANK4   BANK5   BANK6   BANK7
      Params:         3       0       0       0       0       0       0       0       0
      Locals:         1       0       0       0       0       0       0       0       0
      Temps:          0       0       0       0       0       0       0       0       0
      Totals:         4       0       0       0       0       0       0       0       0
Total ram usage:        4 bytes
 Hardware stack levels used:    1
 Hardware stack levels required when called:    5
 This function calls:
		___ftpack
 This function is called by:
		_main
		_readAccelGiroValues
 This function uses a non-reentrant model


 *************** function ___awdiv *****************
 Defined at:
		line 8 in file "C:\Program Files (x86)\Microchip\xc8\v1.38\sources\common\awdiv.c"
 Parameters:    Size  Location     Type
  dividend        2   22[COMRAM] int 
  divisor         2   24[COMRAM] int 
 Auto vars:     Size  Location     Type
  quotient        2   28[COMRAM] int 
  sign            1   27[COMRAM] unsigned char 
  counter         1   26[COMRAM] unsigned char 
 Return value:  Size  Location     Type
                  2   22[COMRAM] int 
 Registers used:
		wreg, status,2, status,0
 Tracked objects:
		On entry : 
		On exit  : 
		Unchanged: 
 Data sizes:     COMRAM   BANK0   BANK1   BANK2   BANK3   BANK4   BANK5   BANK6   BANK7
      Params:         4       0       0       0       0       0       0       0       0
      Locals:         4       0       0       0       0       0       0       0       0
      Temps:          0       0       0       0       0       0       0       0       0
      Totals:         8       0       0       0       0       0       0       0       0
Total ram usage:        8 bytes
 Hardware stack levels used:    1
 Hardware stack levels required when called:    4
 This function calls:
		Nothing
 This function is called by:
		_main
		_readAccelGiroValues
		_scaleChange
 This function uses a non-reentrant model


 *************** function _PWM_Init *****************
 Defined at:
		line 4 in file "PWM.c"
 Parameters:    Size  Location     Type
		None
 Auto vars:     Size  Location     Type
		None
 Return value:  Size  Location     Type
                  1    wreg      void 
 Registers used:
		wreg, status,2
 Tracked objects:
		On entry : 
		On exit  : 
		Unchanged: 
 Data sizes:     COMRAM   BANK0   BANK1   BANK2   BANK3   BANK4   BANK5   BANK6   BANK7
      Params:         0       0       0       0       0       0       0       0       0
      Locals:         0       0       0       0       0       0       0       0       0
      Temps:          0       0       0       0       0       0       0       0       0
      Totals:         0       0       0       0       0       0       0       0       0
Total ram usage:        0 bytes
 Hardware stack levels used:    1
 Hardware stack levels required when called:    4
 This function calls:
		Nothing
 This function is called by:
		_main
 This function uses a non-reentrant model


 *************** function _PID_outputControlCalc *****************
 Defined at:
		line 3 in file "PID.c"
 Parameters:    Size  Location     Type
  reference       3   18[BANK0 ] float 
  systemOutput    3   21[BANK0 ] float 
  whichPID        1   24[BANK0 ] unsigned char 
 Auto vars:     Size  Location     Type
		None
 Return value:  Size  Location     Type
                  1    wreg      void 
 Registers used:
		wreg, fsr1l, fsr1h, fsr2l, fsr2h, status,2, status,0, prodl, prodh, cstack
 Tracked objects:
		On entry : 
		On exit  : 
		Unchanged: 
 Data sizes:     COMRAM   BANK0   BANK1   BANK2   BANK3   BANK4   BANK5   BANK6   BANK7
      Params:         0       7       0       0       0       0       0       0       0
      Locals:         0       3       0       0       0       0       0       0       0
      Temps:          0       2       0       0       0       0       0       0       0
      Totals:         0      12       0       0       0       0       0       0       0
Total ram usage:       12 bytes
 Hardware stack levels used:    1
 Hardware stack levels required when called:    6
 This function calls:
		___ftadd
		___ftdiv
		___ftge
		___ftmul
		___ftneg
 This function is called by:
		_main
 This function uses a non-reentrant model


 *************** function ___ftneg *****************
 Defined at:
		line 15 in file "C:\Program Files (x86)\Microchip\xc8\v1.38\sources\common\ftneg.c"
 Parameters:    Size  Location     Type
  f1              3   26[COMRAM] float 
 Auto vars:     Size  Location     Type
		None
 Return value:  Size  Location     Type
                  3   26[COMRAM] float 
 Registers used:
		wreg, status,2, status,0
 Tracked objects:
		On entry : 
		On exit  : 
		Unchanged: 
 Data sizes:     COMRAM   BANK0   BANK1   BANK2   BANK3   BANK4   BANK5   BANK6   BANK7
      Params:         3       0       0       0       0       0       0       0       0
      Locals:         0       0       0       0       0       0       0       0       0
      Temps:          0       0       0       0       0       0       0       0       0
      Totals:         3       0       0       0       0       0       0       0       0
Total ram usage:        3 bytes
 Hardware stack levels used:    1
 Hardware stack levels required when called:    4
 This function calls:
		Nothing
 This function is called by:
		_main
		_PID_outputControlCalc
		_readAccelGiroValues
 This function uses a non-reentrant model


 *************** function ___ftmul *****************
 Defined at:
		line 62 in file "C:\Program Files (x86)\Microchip\xc8\v1.38\sources\common\ftmul.c"
 Parameters:    Size  Location     Type
  f1              3   46[COMRAM] float 
  f2              3   49[COMRAM] float 
 Auto vars:     Size  Location     Type
  f3_as_produc    3    1[BANK0 ] unsigned um
  sign            1    5[BANK0 ] unsigned char 
  cntr            1    4[BANK0 ] unsigned char 
  exp             1    0[BANK0 ] unsigned char 
 Return value:  Size  Location     Type
                  3   46[COMRAM] float 
 Registers used:
		wreg, status,2, status,0, cstack
 Tracked objects:
		On entry : 
		On exit  : 
		Unchanged: 
 Data sizes:     COMRAM   BANK0   BANK1   BANK2   BANK3   BANK4   BANK5   BANK6   BANK7
      Params:         6       0       0       0       0       0       0       0       0
      Locals:         0       6       0       0       0       0       0       0       0
      Temps:          3       0       0       0       0       0       0       0       0
      Totals:         9       6       0       0       0       0       0       0       0
Total ram usage:       15 bytes
 Hardware stack levels used:    1
 Hardware stack levels required when called:    5
 This function calls:
		___ftpack
 This function is called by:
		_main
		_PID_outputControlCalc
		_readAccelGiroValues
 This function uses a non-reentrant model


 *************** function ___ftge *****************
 Defined at:
		line 4 in file "C:\Program Files (x86)\Microchip\xc8\v1.38\sources\common\ftge.c"
 Parameters:    Size  Location     Type
  ff1             3   18[COMRAM] float 
  ff2             3   21[COMRAM] float 
 Auto vars:     Size  Location     Type
		None
 Return value:  Size  Location     Type
		None               void
 Registers used:
		wreg, status,2, status,0
 Tracked objects:
		On entry : 
		On exit  : 
		Unchanged: 
 Data sizes:     COMRAM   BANK0   BANK1   BANK2   BANK3   BANK4   BANK5   BANK6   BANK7
      Params:         6       0       0       0       0       0       0       0       0
      Locals:         0       0       0       0       0       0       0       0       0
      Temps:          3       0       0       0       0       0       0       0       0
      Totals:         9       0       0       0       0       0       0       0       0
Total ram usage:        9 bytes
 Hardware stack levels used:    1
 Hardware stack levels required when called:    4
 This function calls:
		Nothing
 This function is called by:
		_main
		_PID_outputControlCalc
 This function uses a non-reentrant model


 *************** function ___ftdiv *****************
 Defined at:
		line 54 in file "C:\Program Files (x86)\Microchip\xc8\v1.38\sources\common\ftdiv.c"
 Parameters:    Size  Location     Type
  f1              3    6[BANK0 ] float 
  f2              3    9[BANK0 ] float 
 Auto vars:     Size  Location     Type
  f3              3   13[BANK0 ] float 
  sign            1   17[BANK0 ] unsigned char 
  exp             1   16[BANK0 ] unsigned char 
  cntr            1   12[BANK0 ] unsigned char 
 Return value:  Size  Location     Type
                  3    6[BANK0 ] float 
 Registers used:
		wreg, status,2, status,0, cstack
 Tracked objects:
		On entry : 
		On exit  : 
		Unchanged: 
 Data sizes:     COMRAM   BANK0   BANK1   BANK2   BANK3   BANK4   BANK5   BANK6   BANK7
      Params:         0       6       0       0       0       0       0       0       0
      Locals:         0       6       0       0       0       0       0       0       0
      Temps:          3       0       0       0       0       0       0       0       0
      Totals:         3      12       0       0       0       0       0       0       0
Total ram usage:       15 bytes
 Hardware stack levels used:    1
 Hardware stack levels required when called:    5
 This function calls:
		___ftpack
 This function is called by:
		_main
		_PID_outputControlCalc
 This function uses a non-reentrant model


 *************** function ___ftadd *****************
 Defined at:
		line 86 in file "C:\Program Files (x86)\Microchip\xc8\v1.38\sources\common\ftadd.c"
 Parameters:    Size  Location     Type
  f1              3   34[COMRAM] float 
  f2              3   37[COMRAM] float 
 Auto vars:     Size  Location     Type
  exp1            1   45[COMRAM] unsigned char 
  exp2            1   44[COMRAM] unsigned char 
  sign            1   43[COMRAM] unsigned char 
 Return value:  Size  Location     Type
                  3   34[COMRAM] float 
 Registers used:
		wreg, status,2, status,0, cstack
 Tracked objects:
		On entry : 
		On exit  : 
		Unchanged: 
 Data sizes:     COMRAM   BANK0   BANK1   BANK2   BANK3   BANK4   BANK5   BANK6   BANK7
      Params:         6       0       0       0       0       0       0       0       0
      Locals:         3       0       0       0       0       0       0       0       0
      Temps:          3       0       0       0       0       0       0       0       0
      Totals:        12       0       0       0       0       0       0       0       0
Total ram usage:       12 bytes
 Hardware stack levels used:    1
 Hardware stack levels required when called:    5
 This function calls:
		___ftpack
 This function is called by:
		_main
		_PID_outputControlCalc
		_readAccelGiroValues
 This function uses a non-reentrant model


 *************** function ___ftpack *****************
 Defined at:
		line 62 in file "C:\Program Files (x86)\Microchip\xc8\v1.38\sources\common\float.c"
 Parameters:    Size  Location     Type
  arg             3   18[COMRAM] unsigned um
  exp             1   21[COMRAM] unsigned char 
  sign            1   22[COMRAM] unsigned char 
 Auto vars:     Size  Location     Type
		None
 Return value:  Size  Location     Type
                  3   18[COMRAM] float 
 Registers used:
		wreg, status,2, status,0
 Tracked objects:
		On entry : 
		On exit  : 
		Unchanged: 
 Data sizes:     COMRAM   BANK0   BANK1   BANK2   BANK3   BANK4   BANK5   BANK6   BANK7
      Params:         5       0       0       0       0       0       0       0       0
      Locals:         0       0       0       0       0       0       0       0       0
      Temps:          3       0       0       0       0       0       0       0       0
      Totals:         8       0       0       0       0       0       0       0       0
Total ram usage:        8 bytes
 Hardware stack levels used:    1
 Hardware stack levels required when called:    4
 This function calls:
		Nothing
 This function is called by:
		___awtoft
		___ftadd
		___ftdiv
		___ftmul
 This function uses a non-reentrant model


 *************** function _INTERRUPTION *****************
 Defined at:
		line 4 in file "Interrup.c"
 Parameters:    Size  Location     Type
		None
 Auto vars:     Size  Location     Type
		None
 Return value:  Size  Location     Type
                  1    wreg      void 
 Registers used:
		wreg, fsr2l, fsr2h, status,2, status,0, cstack
 Tracked objects:
		On entry : 
		On exit  : 
		Unchanged: 
 Data sizes:     COMRAM   BANK0   BANK1   BANK2   BANK3   BANK4   BANK5   BANK6   BANK7
      Params:         0       0       0       0       0       0       0       0       0
      Locals:         0       0       0       0       0       0       0       0       0
      Temps:         14       0       0       0       0       0       0       0       0
      Totals:        14       0       0       0       0       0       0       0       0
Total ram usage:       14 bytes
 Hardware stack levels used:    1
 Hardware stack levels required when called:    3
 This function calls:
		_INTERRUPTION_Serial
		_INTERRUPTION_Timer0
 This function is called by:
		Interrupt level 2
 This function uses a non-reentrant model


 *************** function _INTERRUPTION_Timer0 *****************
 Defined at:
		line 20 in file "Interrup.c"
 Parameters:    Size  Location     Type
		None
 Auto vars:     Size  Location     Type
		None
 Return value:  Size  Location     Type
                  1    wreg      void 
 Registers used:
		wreg, status,2, status,0, cstack
 Tracked objects:
		On entry : 
		On exit  : 
		Unchanged: 
 Data sizes:     COMRAM   BANK0   BANK1   BANK2   BANK3   BANK4   BANK5   BANK6   BANK7
      Params:         0       0       0       0       0       0       0       0       0
      Locals:         0       0       0       0       0       0       0       0       0
      Temps:          0       0       0       0       0       0       0       0       0
      Totals:         0       0       0       0       0       0       0       0       0
Total ram usage:        0 bytes
 Hardware stack levels used:    1
 Hardware stack levels required when called:    1
 This function calls:
		_PWM_Execute
 This function is called by:
		_INTERRUPTION
 This function uses a non-reentrant model


 *************** function _PWM_Execute *****************
 Defined at:
		line 19 in file "PWM.c"
 Parameters:    Size  Location     Type
		None
 Auto vars:     Size  Location     Type
		None
 Return value:  Size  Location     Type
                  1    wreg      void 
 Registers used:
		wreg, status,2, status,0
 Tracked objects:
		On entry : 
		On exit  : 
		Unchanged: 
 Data sizes:     COMRAM   BANK0   BANK1   BANK2   BANK3   BANK4   BANK5   BANK6   BANK7
      Params:         0       0       0       0       0       0       0       0       0
      Locals:         0       0       0       0       0       0       0       0       0
      Temps:          0       0       0       0       0       0       0       0       0
      Totals:         0       0       0       0       0       0       0       0       0
Total ram usage:        0 bytes
 Hardware stack levels used:    1
 This function calls:
		Nothing
 This function is called by:
		_INTERRUPTION_Timer0
 This function uses a non-reentrant model


 *************** function _INTERRUPTION_Serial *****************
 Defined at:
		line 32 in file "Interrup.c"
 Parameters:    Size  Location     Type
		None
 Auto vars:     Size  Location     Type
		None
 Return value:  Size  Location     Type
                  1    wreg      void 
 Registers used:
		wreg, fsr2l, fsr2h, status,2, status,0, cstack
 Tracked objects:
		On entry : 
		On exit  : 
		Unchanged: 
 Data sizes:     COMRAM   BANK0   BANK1   BANK2   BANK3   BANK4   BANK5   BANK6   BANK7
      Params:         0       0       0       0       0       0       0       0       0
      Locals:         0       0       0       0       0       0       0       0       0
      Temps:          0       0       0       0       0       0       0       0       0
      Totals:         0       0       0       0       0       0       0       0       0
Total ram usage:        0 bytes
 Hardware stack levels used:    1
 Hardware stack levels required when called:    2
 This function calls:
		_SerialReadUntilToken
		_waitToken
 This function is called by:
		_INTERRUPTION
 This function uses a non-reentrant model


 *************** function _waitToken *****************
 Defined at:
		line 115 in file "Serial.c"
 Parameters:    Size  Location     Type
  value           1    wreg     unsigned char 
 Auto vars:     Size  Location     Type
  value           1    0[COMRAM] unsigned char 
 Return value:  Size  Location     Type
		None               void
 Registers used:
		wreg, status,2, status,0, cstack
 Tracked objects:
		On entry : 
		On exit  : 
		Unchanged: 
 Data sizes:     COMRAM   BANK0   BANK1   BANK2   BANK3   BANK4   BANK5   BANK6   BANK7
      Params:         0       0       0       0       0       0       0       0       0
      Locals:         1       0       0       0       0       0       0       0       0
      Temps:          0       0       0       0       0       0       0       0       0
      Totals:         1       0       0       0       0       0       0       0       0
Total ram usage:        1 bytes
 Hardware stack levels used:    1
 Hardware stack levels required when called:    1
 This function calls:
		_SerialRead
 This function is called by:
		_INTERRUPTION_Serial
		_WifiTCPRead
 This function uses a non-reentrant model


 *************** function _SerialReadUntilToken *****************
 Defined at:
		line 136 in file "Serial.c"
 Parameters:    Size  Location     Type
  charToCompar    1    wreg     const unsigned char 
 Auto vars:     Size  Location     Type
  charToCompar    1    1[COMRAM] const unsigned char 
  i               2    2[COMRAM] unsigned int 
 Return value:  Size  Location     Type
                  1    wreg      void 
 Registers used:
		wreg, fsr2l, fsr2h, status,2, status,0, cstack
 Tracked objects:
		On entry : 
		On exit  : 
		Unchanged: 
 Data sizes:     COMRAM   BANK0   BANK1   BANK2   BANK3   BANK4   BANK5   BANK6   BANK7
      Params:         0       0       0       0       0       0       0       0       0
      Locals:         3       0       0       0       0       0       0       0       0
      Temps:          1       0       0       0       0       0       0       0       0
      Totals:         4       0       0       0       0       0       0       0       0
Total ram usage:        4 bytes
 Hardware stack levels used:    1
 Hardware stack levels required when called:    1
 This function calls:
		_SerialRead
 This function is called by:
		_INTERRUPTION_Serial
		_WifiTCPRead
 This function uses a non-reentrant model


 *************** function _SerialRead *****************
 Defined at:
		line 75 in file "Serial.c"
 Parameters:    Size  Location     Type
		None
 Auto vars:     Size  Location     Type
		None
 Return value:  Size  Location     Type
                  1    wreg      unsigned char 
 Registers used:
		wreg, status,2
 Tracked objects:
		On entry : 
		On exit  : 
		Unchanged: 
 Data sizes:     COMRAM   BANK0   BANK1   BANK2   BANK3   BANK4   BANK5   BANK6   BANK7
      Params:         0       0       0       0       0       0       0       0       0
      Locals:         0       0       0       0       0       0       0       0       0
      Temps:          0       0       0       0       0       0       0       0       0
      Totals:         0       0       0       0       0       0       0       0       0
Total ram usage:        0 bytes
 Hardware stack levels used:    1
 This function calls:
		Nothing
 This function is called by:
		_waitToken
		_SerialReadUntilToken
		_SerialReadString
		_SerialReceiveNChar
 This function uses a non-reentrant model



MODULE INFORMATION

Module		Function		Class		Link	Load	Size
C:\Program Files (x86)\Microchip\xc8\v1.38\sources\common\float.c
		___ftpack      		CODE           	1F6A	0000	175

C:\Program Files (x86)\Microchip\xc8\v1.38\sources\common\float.c estimated size: 175

PID.c
		_PID_outputControlCalc		CODE           	1524	0000	1351

PID.c estimated size: 1351

Interrup.c
		_INTERRUPTION_Timer0		CODE           	2580	0000	17
		_INTERRUPTION_Serial		CODE           	2018	0000	175
		_INTERRUPTION  		CODE           	0808	0000	133

Interrup.c estimated size: 325

C:\Program Files (x86)\Microchip\xc8\v1.38\sources\common\ftmul.c
		___ftmul       		CODE           	1D56	0000	289

C:\Program Files (x86)\Microchip\xc8\v1.38\sources\common\ftmul.c estimated size: 289

C:\Program Files (x86)\Microchip\xc8\v1.38\sources\common\ftdiv.c
		___ftdiv       		CODE           	1C16	0000	321

C:\Program Files (x86)\Microchip\xc8\v1.38\sources\common\ftdiv.c estimated size: 321

ADXL345.c
		_readACC       		CODE           	2408	0000	69
		_readGIRO      		CODE           	23C4	0000	69

ADXL345.c estimated size: 138

Serial.c
		_waitToken     		CODE           	2506	0000	33
		_SerialRead    		CODE           	2558	0000	23
		_initUART      		CODE           	2484	0000	51
		_SerialReadUntilToken		CODE           	2326	0000	83
		_delayMS       		CODE           	24B6	0000	45

Serial.c estimated size: 235

C:\Program Files (x86)\Microchip\xc8\v1.38\sources\common\awdiv.c
		___awdiv       		CODE           	2156	0000	133

C:\Program Files (x86)\Microchip\xc8\v1.38\sources\common\awdiv.c estimated size: 133

C:\Program Files (x86)\Microchip\xc8\v1.38\sources\pic18\plib\i2c\i2c_writ.c
		_WriteI2C      		CODE           	2378	0000	77

C:\Program Files (x86)\Microchip\xc8\v1.38\sources\pic18\plib\i2c\i2c_writ.c estimated size: 77

PWM.c
		_PWM_Init      		CODE           	2542	0000	23
		_PWM_Execute   		CODE           	22CC	0000	91

PWM.c estimated size: 114

C:\Program Files (x86)\Microchip\xc8\v1.38\sources\common\fttol.c
		___fttol       		CODE           	1E76	0000	245

C:\Program Files (x86)\Microchip\xc8\v1.38\sources\common\fttol.c estimated size: 245

shared
		__initialization		CODE           	21DA	0000	111

shared estimated size: 111

C:\Program Files (x86)\Microchip\xc8\v1.38\sources\pic18\plib\i2c\i2c_read.c
		_ReadI2C       		CODE           	2526	0000	29

C:\Program Files (x86)\Microchip\xc8\v1.38\sources\pic18\plib\i2c\i2c_read.c estimated size: 29

C:\Program Files (x86)\Microchip\xc8\v1.38\sources\common\awtoft.c
		___awtoft      		CODE           	244C	0000	57

C:\Program Files (x86)\Microchip\xc8\v1.38\sources\common\awtoft.c estimated size: 57

C:\Program Files (x86)\Microchip\xc8\v1.38\sources\common\ftadd.c
		___ftadd       		CODE           	1A6A	0000	429

C:\Program Files (x86)\Microchip\xc8\v1.38\sources\common\ftadd.c estimated size: 429

C:\Program Files (x86)\Microchip\xc8\v1.38\sources\pic18\plib\i2c\i2c_idle.c
		_IdleI2C       		CODE           	256E	0000	19

C:\Program Files (x86)\Microchip\xc8\v1.38\sources\pic18\plib\i2c\i2c_idle.c estimated size: 19

main.c
		_main          		CODE           	089A	0000	3211

main.c estimated size: 3211

C:\Program Files (x86)\Microchip\xc8\v1.38\sources\common\ftge.c
		___ftge        		CODE           	20C6	0000	145

C:\Program Files (x86)\Microchip\xc8\v1.38\sources\common\ftge.c estimated size: 145

C:\Program Files (x86)\Microchip\xc8\v1.38\sources\common\ftneg.c
		___ftneg       		CODE           	24E2	0000	37

C:\Program Files (x86)\Microchip\xc8\v1.38\sources\common\ftneg.c estimated size: 37

